loaded 1,475,092 rows

### BASELINE
overall: 0.5237659752747625 n= 1475092
            mean   count
season                  
2019    0.564670  237413
2020    0.532712  244087
2021    0.532762  247088
2022    0.528920  247472
2023    0.499957  245525
2024    0.486105  253507

====================================================================================================
[H_count_state]
                 succ       n  succ_rec   n_rec
count_state                                    
0-0          0.526567  380996  0.494430  128455
0-1          0.534105  181775  0.506456   61729
0-2          0.518531   89281  0.496790   30681
1-0          0.524852  154878  0.488112   52029
1-1          0.528456  150304  0.495653   50606
1-2          0.524442  139598  0.500993   47855
2-0          0.518888   54187  0.482385   18166
2-1          0.521755   80348  0.485534   26925
2-2          0.520985  119702  0.493954   41020
3-0          0.507309   18060  0.484684    6072
3-1          0.504390   35425  0.469519   11827
3-2          0.499603   70538  0.461317   23667

====================================================================================================
[H_count_role]
                                    succ       n  succ_rec   n_rec
count_role                                                        
batter_ahead(3-0,3-1,2-0)       0.512176  107672  0.478553   36065
batter_slight(1-0,2-1,3-2)      0.518213  305764  0.481256  102621
even(0-0,1-1)                   0.525977  651002  0.494622  220081
pitcher_ahead(0-1,0-2,1-2,2-2)  0.527434  410654  0.502477  140265

====================================================================================================
[H_first_vs_full]
                 succ       n  succ_rec   n_rec
count_state                                    
0-0          0.526567  380996  0.494430  128455
3-2          0.499603   70538  0.461317   23667

====================================================================================================
[H_count_role_recent]
                                    succ       n  succ_rec   n_rec
count_role                                                        
pitcher_ahead(0-1,0-2,1-2,2-2)  0.527434  410654  0.502477  140265
even(0-0,1-1)                   0.525977  651002  0.494622  220081
batter_slight(1-0,2-1,3-2)      0.518213  305764  0.481256  102621
batter_ahead(3-0,3-1,2-0)       0.512176  107672  0.478553   36065

====================================================================================================
[H_runner_pressure]
                     succ       n  succ_rec   n_rec
runner_pressure                                    
bases_loaded     0.516134   48408  0.481481   16389
none             0.523047  777248  0.491728  260203
risp             0.525147  355712  0.493967  122666
runner_no_risp   0.525255  293724  0.496622   99774

====================================================================================================
[H_base_state]
                succ       n  succ_rec   n_rec
base_state                                    
___         0.523047  777248  0.491728  260203
1__         0.525255  293724  0.496622   99774
_2_         0.524866  113627  0.497644   39470
__3         0.536057   35513  0.507870   12580
12_         0.521318  125831  0.486981   43435
1_3         0.527898   48839  0.495485   16388
_23         0.524889   31902  0.490132   10793
123         0.516134   48408  0.481481   16389

====================================================================================================
[H_risp_binary]
           succ        n  succ_rec   n_rec
risp                                      
False  0.523652  1070972  0.493084  359977
True   0.524067   404120  0.492496  139055

====================================================================================================
[H_inning_phase]
                  succ       n  succ_rec   n_rec
inning_phase                                    
1-3           0.530956  498766  0.500149  167482
4-6           0.524868  494934  0.491649  167577
7-9           0.515629  461440  0.486136  155726
10+           0.504862   19952  0.500061    8247

====================================================================================================
[H_inning_raw]
            succ       n  succ_rec  n_rec
inning                                   
1       0.532079  172012  0.501794  57149
2       0.531251  162861  0.499782  55132
3       0.529486  163893  0.498813  55201
4       0.526595  163809  0.495626  55437
5       0.523915  164439  0.489491  55764
6       0.524111  166686  0.489872  56376
7       0.517160  168702  0.487755  57164
8       0.514543  168021  0.484618  56851
9       0.515022  124717  0.485987  41711
10      0.504080   11643  0.497937   4848
11      0.503768    5441  0.498056   2058
12      0.510139    2811  0.510903   1284
13      0.508772      57  0.508772     57

====================================================================================================
[H_fatigue]
             succ        n  succ_rec   n_rec
fatigue                                     
0-25     0.548124    20260  0.464861    3728
26-50    0.547580    18180  0.460119    3523
51-75    0.539465    17243  0.463618    3477
76-100   0.526415    16525  0.452853    3277
100+     0.522657  1364481  0.490928  450090

====================================================================================================
[H_fatigue_recent]
             succ       n  succ_rec   n_rec
fatigue                                    
0-25     0.464861    3728  0.464861    3728
26-50    0.460119    3523  0.460119    3523
51-75    0.463618    3477  0.463618    3477
76-100   0.452853    3277  0.452853    3277
100+     0.490928  450090  0.490928  450090

====================================================================================================
[H_platoon]
               succ       n  succ_rec   n_rec
platoon                                      
opp_hand   0.532625  736514  0.506896  254790
same_hand  0.514931  738578  0.478341  244242

====================================================================================================
[H_platoon_detail]
                    succ       n  succ_rec   n_rec
platoon_detail                                    
L-L             0.490927  170292  0.459188   62188
L-R             0.537504  211059  0.507346   78755
R-L             0.530666  525455  0.506695  176035
R-R             0.522124  568286  0.484884  182054

====================================================================================================
[H_platoon_recent]
                    succ       n  succ_rec   n_rec
platoon_detail                                    
L-L             0.459188   62188  0.459188   62188
L-R             0.507346   78755  0.507346   78755
R-L             0.506695  176035  0.506695  176035
R-R             0.484884  182054  0.484884  182054

====================================================================================================
[H_li_bucket]
               succ       n  succ_rec   n_rec
li_bucket                                    
<0.5       0.516875  486739  0.486162  164332
0.5-1.0    0.527103  450724  0.494978  151340
1.0-2.0    0.528970  388241  0.499144  132086
>2.0       0.522626  149388  0.492472   51274

====================================================================================================
[H_li_bucket_recent]
               succ       n  succ_rec   n_rec
li_bucket                                    
<0.5       0.486162  164332  0.486162  164332
0.5-1.0    0.494978  151340  0.494978  151340
1.0-2.0    0.499144  132086  0.499144  132086
>2.0       0.492472   51274  0.492472   51274

====================================================================================================
[H_score_bucket]
                  succ       n  succ_rec   n_rec
score_bucket                                    
blowout(>=6)  0.512100  169508  0.480472   55689
close(<=1)    0.528259  699647  0.498453  234969
gapped(4-5)   0.520559  195847  0.486938   68138
mod(2-3)      0.522454  410090  0.491500  140236

====================================================================================================
[H_lead_dir]
              succ       n  succ_rec   n_rec
lead_dir                                    
leading   0.524555  560195  0.492308  189487
tied      0.530072  377192  0.501513  127865
trailing  0.518520  537705  0.487511  181680

====================================================================================================
[H_batter_q]
              succ       n  succ_rec   n_rec
batter_q                                    
Q1        0.497136  294857  0.488960  162097
Q2        0.505491  294848  0.496274  163996
Q3        0.513496  294873  0.494862   97694
Q4        0.528470  294840  0.490217   33579
Q5        0.574019  294844  0.492712   41507

====================================================================================================
[H_pitcher_q]
               succ       n  succ_rec   n_rec
pitcher_q                                    
Q1         0.468553  294987  0.455825  142366
Q2         0.498036  294738  0.485591  121938
Q3         0.519942  294858  0.507109   97762
Q4         0.542100  294870  0.520611   81754
Q5         0.590140  294847  0.538952   55068

### H_game_type_x_season
                      succ       n
game_type season                  
F         2019    0.689250   25786
          2020    0.587774   23213
          2021    0.703840   25861
          2022    0.708749   30448
          2023    0.472904   25686
          2024    0.459280   30010
R         2019    0.549490  211627
          2020    0.526925  220874
          2021    0.512763  221227
          2022    0.503691  217024
          2023    0.503118  219839
          2024    0.489707  223497

====================================================================================================
[H_outs]
                 succ       n  succ_rec   n_rec
outs_before                                    
0            0.521398  505924  0.489547  170674
1            0.523894  490634  0.492668  166132
2            0.526138  478534  0.496727  162226

====================================================================================================
[H_top_bottom]
                    succ       n  succ_rec   n_rec
side_label                                        
away_attack(T)  0.523116  752812  0.491574  254208
home_attack(B)  0.524443  722280  0.494318  244824

DONE
