
====================================================================================================
[X_count_x_risp] recent_only=False sub=None  (min n=3000)
                       succ       n
count_state risp                   
3-2         False  0.497930   49274
3-1         False  0.499465   24292
3-2         True   0.503480   21264
3-0         False  0.504074   12151
            True   0.513962    5909
3-1         True   0.515135   11133
2-0         False  0.516791   37491
0-2         False  0.518213   66820
2-1         False  0.518974   56974
0-2         True   0.519478   22461
1-0         True   0.519937   44340
2-2         False  0.520090   85939
0-0         True   0.522732  101354
2-2         True   0.523265   33763
2-0         True   0.523598   16696
1-2         False  0.524395  102482
            True   0.524572   37116
1-0         False  0.526823  110538
0-0         False  0.527957  279642
1-1         False  0.528001  109638
2-1         True   0.528536   23374
1-1         True   0.529681   40666
0-1         False  0.532340  135731
            True   0.539310   46044

====================================================================================================
[X_count_x_r3] recent_only=False sub=None  (min n=3000)
                              succ       n
count_state runner_on_3b                  
3-2         0             0.498671   62085
3-1         0             0.503363   30928
3-0         0             0.506370   15621
3-2         1             0.506447    8453
3-1         1             0.511452    4497
2-0         0             0.518009   47227
0-2         0             0.518068   80169
1-0         1             0.520129   18357
2-2         0             0.520642  106359
2-1         0             0.520971   70883
1-2         1             0.521745   14831
0-2         1             0.522608    9112
2-2         1             0.523720   13343
1-2         0             0.524762  124767
2-0         1             0.524856    6960
1-0         0             0.525487  136521
0-0         0             0.526497  338976
            1             0.527130   42020
2-1         1             0.527628    9465
1-1         0             0.527662  133866
0-1         0             0.533632  163028
1-1         1             0.534919   16438
0-1         1             0.538219   18747

====================================================================================================
[X_count_x_platoon] recent_only=False sub=None  (min n=3000)
                           succ       n
count_state platoon                    
3-1         same_hand  0.483301   16857
3-2         same_hand  0.483456   34241
3-0         same_hand  0.484717    8539
2-0         same_hand  0.504582   26299
2-1         same_hand  0.511160   39156
1-0         same_hand  0.513107   76522
2-2         same_hand  0.513857   59826
3-2         opp_hand   0.514836   36297
0-0         same_hand  0.516906  192180
1-2         same_hand  0.517203   70918
0-2         opp_hand   0.518107   43132
            same_hand  0.518928   46149
1-1         same_hand  0.521698   74800
3-1         opp_hand   0.523535   18568
3-0         opp_hand   0.527571    9521
2-2         opp_hand   0.528108   59876
0-1         same_hand  0.528483   93091
2-1         opp_hand   0.531827   41192
1-2         opp_hand   0.531916   68680
2-0         opp_hand   0.532380   27888
1-1         opp_hand   0.535150   75504
1-0         opp_hand   0.536321   78356
0-0         opp_hand   0.536401  188816
0-1         opp_hand   0.540007   88684

====================================================================================================
[X_count_x_li] recent_only=False sub=None  (min n=3000)
                           succ       n
count_state li_bucket                  
3-1         <0.5       0.494653   11875
3-2         <0.5       0.495877   23403
3-0         <0.5       0.500828    6040
3-2         1.0-2.0    0.501203   18711
            0.5-1.0    0.501454   21314
            >2.0       0.502110    7110
3-1         0.5-1.0    0.504639   10455
3-0         0.5-1.0    0.504914    5088
3-1         >2.0       0.510315    3684
2-2         <0.5       0.510874   38808
2-0         <0.5       0.513085   18112
3-1         1.0-2.0    0.514079    9411
0-2         <0.5       0.514475   29741
2-0         >2.0       0.514954    5818
0-2         0.5-1.0    0.515120   27910
3-0         1.0-2.0    0.515121    4894
2-0         0.5-1.0    0.515358   15692
2-1         <0.5       0.517375   26590
1-0         <0.5       0.517673   51405
            >2.0       0.517854   16159
1-2         <0.5       0.519019   45482
0-0         <0.5       0.519931  126136
2-2         >2.0       0.520007   12021
1-1         <0.5       0.522673   49243
0-0         >2.0       0.523136   39181
2-1         0.5-1.0    0.523558   24408
0-1         <0.5       0.523588   59904
2-1         >2.0       0.524027    8095
            1.0-2.0    0.524300   21255
1-1         >2.0       0.524930   15002
0-2         1.0-2.0    0.524944   22951
            >2.0       0.526443    8679
1-2         >2.0       0.526504   13715
2-2         1.0-2.0    0.526789   31935
            0.5-1.0    0.526910   36938
1-2         1.0-2.0    0.527121   36817
            0.5-1.0    0.527189   43584
1-0         0.5-1.0    0.529111   46185
0-0         1.0-2.0    0.529396   99929
1-1         0.5-1.0    0.530729   46568
2-0         1.0-2.0    0.531480   14565
1-0         1.0-2.0    0.531790   41129
0-0         0.5-1.0    0.532518  115750
1-1         1.0-2.0    0.534324   39491
0-1         >2.0       0.534384   17886
            0.5-1.0    0.537919   56832
            1.0-2.0    0.542765   47153

====================================================================================================
[X_count_x_outs] recent_only=False sub=None  (min n=3000)
                             succ       n
count_state outs_before                  
3-1         0            0.489796   11711
3-2         0            0.491831   23441
3-0         0            0.491905    5991
3-2         1            0.498024   23027
3-0         2            0.503034    6097
3-1         1            0.504764   11651
3-2         2            0.508683   24070
2-0         0            0.511360   17958
2-1         0            0.515621   27111
0-2         2            0.515631   28342
2-0         1            0.515698   18123
2-2         0            0.516021   40758
0-2         1            0.516456   30020
3-1         2            0.518196   12063
1-2         2            0.521029   44748
1-0         1            0.521212   51668
2-1         1            0.521955   26577
0-2         0            0.523206   30919
2-2         2            0.523482   39306
0-0         0            0.523526  132278
2-2         1            0.523614   39638
1-2         0            0.523622   48134
1-0         0            0.524457   52336
1-1         0            0.525932   51520
0-0         1            0.526299  126812
3-0         1            0.527127    5972
1-1         1            0.527149   49891
2-1         2            0.527794   26660
1-2         1            0.528556   46716
1-0         2            0.528954   50874
2-0         2            0.529548   18106
0-0         2            0.530146  121906
0-1         2            0.530338   57469
1-1         2            0.532448   48893
0-1         1            0.535242   60539
            0            0.536422   63767

====================================================================================================
[X_count_x_gtype] recent_only=False sub=None  (min n=3000)
                           succ       n
count_state game_type                  
3-2         R          0.487290   62983
3-1         R          0.491186   31202
3-0         R          0.494047   15622
2-0         R          0.506372   47552
0-2         R          0.509620   79887
2-1         R          0.510730   71480
2-2         R          0.511481  107525
1-0         R          0.514445  137039
0-0         R          0.516430  338311
1-2         R          0.516900  125618
1-1         R          0.519045  134312
0-1         R          0.526492  162557
1-2         F          0.592203   13980
0-2         F          0.594316    9394
0-1         F          0.598501   19218
3-1         F          0.601942    4223
3-2         F          0.602250    7555
1-0         F          0.604798   17839
2-2         F          0.604911   12177
0-0         F          0.606911   42685
1-1         F          0.607491   15992
2-0         F          0.608591    6635
2-1         F          0.610622    8868

====================================================================================================
[X_count_x_score] recent_only=False sub=None  (min n=3000)
                              succ       n
count_state score_bucket                  
3-2         gapped(4-5)   0.491475    9443
2-0         blowout(>=6)  0.491645    6403
3-2         mod(2-3)      0.493854   19445
3-1         blowout(>=6)  0.494721    4073
3-2         blowout(>=6)  0.496894    7728
3-1         gapped(4-5)   0.498346    4836
2-2         blowout(>=6)  0.502267   13013
3-2         close(<=1)    0.505778   33922
3-1         close(<=1)    0.506802   16612
            mod(2-3)      0.507270    9904
1-0         blowout(>=6)  0.508105   18323
3-0         close(<=1)    0.509346    8399
            mod(2-3)      0.510617    5086
2-0         gapped(4-5)   0.512683    7254
2-1         blowout(>=6)  0.514172    9032
1-2         blowout(>=6)  0.514598   15721
0-2         mod(2-3)      0.515851   24730
0-0         blowout(>=6)  0.516117   44703
2-1         gapped(4-5)   0.516123   10792
2-2         gapped(4-5)   0.516453   15651
2-1         mod(2-3)      0.516946   22395
0-2         gapped(4-5)   0.517593   11880
2-2         mod(2-3)      0.517756   33398
1-1         blowout(>=6)  0.518189   16988
0-1         blowout(>=6)  0.518979   20812
0-2         blowout(>=6)  0.519116   10541
            close(<=1)    0.520223   42130
1-2         mod(2-3)      0.520443   38571
1-0         gapped(4-5)   0.521544   20539
            mod(2-3)      0.523139   43281
0-0         mod(2-3)      0.523798  105829
            gapped(4-5)   0.524067   50755
2-0         close(<=1)    0.524112   25195
            mod(2-3)      0.524617   15335
1-1         gapped(4-5)   0.524687   19747
1-2         gapped(4-5)   0.527953   18388
2-1         close(<=1)    0.527971   38129
1-2         close(<=1)    0.528094   66918
1-1         close(<=1)    0.528309   71886
2-2         close(<=1)    0.528314   57640
0-1         gapped(4-5)   0.529224   24158
1-0         close(<=1)    0.531024   72735
0-0         close(<=1)    0.531504  179709
0-1         mod(2-3)      0.533817   50433
1-1         mod(2-3)      0.534678   41683
0-1         close(<=1)    0.539284   86372

====================================================================================================
[X_platoon_x_inning] recent_only=False sub=None  (min n=3000)
                            succ       n
platoon   inning_phase                  
same_hand 10+           0.488003   10836
          7-9           0.506006  246738
          4-6           0.516555  251551
          1-3           0.524020  229453
opp_hand  10+           0.524901    9116
          7-9           0.526688  214702
          4-6           0.533460  243383
          1-3           0.536866  269313

====================================================================================================
[X_risp_x_li] recent_only=False sub=None  (min n=3000)
                     succ       n
risp  li_bucket                  
True  <0.5       0.509426   86250
False <0.5       0.518479  400489
      >2.0       0.521798   45738
True  >2.0       0.522991  103650
      0.5-1.0    0.524857   54994
False 1.0-2.0    0.526568  229015
      0.5-1.0    0.527415  395730
True  1.0-2.0    0.532426  159226

====================================================================================================
[X_inning_x_li] recent_only=False sub=None  (min n=3000)
                            succ       n
inning_phase li_bucket                  
10+          1.0-2.0    0.505317    5642
             >2.0       0.506779   12096
7-9          <0.5       0.511144  233437
             1.0-2.0    0.516814   84601
4-6          <0.5       0.518591  157357
7-9          0.5-1.0    0.519393   69922
1-3          >2.0       0.521400   22033
4-6          >2.0       0.523804   41779
7-9          >2.0       0.524932   73480
4-6          0.5-1.0    0.525822  151228
1-3          <0.5       0.528502   94571
             0.5-1.0    0.530433  228734
4-6          1.0-2.0    0.531009  144570
1-3          1.0-2.0    0.534622  153428

====================================================================================================
[X_inning_x_gtype] recent_only=False sub=None  (min n=3000)
                            succ       n
inning_phase game_type                  
7-9          R          0.503705  411229
10+          R          0.504655   19334
4-6          R          0.515195  439859
1-3          R          0.522839  443666
             F          0.596316   55100
4-6          F          0.602124   55075
7-9          F          0.613292   50211

====================================================================================================
[X_outs_x_risp] recent_only=False sub=None  (min n=3000)
                       succ       n
outs_before risp                   
0           True   0.518501   66835
            False  0.521840  439089
1           False  0.523815  344278
            True   0.524078  146356
2           True   0.526007  190929
            False  0.526225  287605

====================================================================================================
[X_score_x_gtype] recent_only=False sub=None  (min n=3000)
                            succ       n
score_bucket game_type                  
blowout(>=6) R          0.500175  148582
gapped(4-5)  R          0.507710  173341
mod(2-3)     R          0.512876  367194
close(<=1)   R          0.519744  624971
blowout(>=6) F          0.596770   20926
close(<=1)   F          0.599523   74676
mod(2-3)     F          0.604439   42896
gapped(4-5)  F          0.619524   22506

====================================================================================================
[X_count_x_risp_recent] recent_only=True sub=None  (min n=3000)
                       succ      n
count_state risp                  
3-2         True   0.455360   7370
3-1         False  0.461280   8032
3-2         False  0.464012  16297
2-0         False  0.479965  12453
2-1         False  0.482784  18965
1-0         True   0.483198  15147
3-0         False  0.486741   4035
3-1         True   0.486957   3795
2-0         True   0.487660   5713
1-0         False  0.490131  36882
0-0         True   0.491183  34704
2-1         True   0.492085   7960
2-2         False  0.493304  29345
1-1         True   0.494965  13904
2-2         True   0.495589  11675
0-0         False  0.495632  93751
1-1         False  0.495913  36702
0-2         False  0.496355  22770
            True   0.498041   7911
1-2         False  0.499056  34954
0-1         False  0.505973  45791
1-2         True   0.506240  12901
0-1         True   0.507843  15938

====================================================================================================
[X_count_x_platoon_recent] recent_only=True sub=None  (min n=3000)
                           succ      n
count_state platoon                   
3-2         same_hand  0.436536  11211
3-1         same_hand  0.444120   5485
2-0         same_hand  0.456674   8586
2-1         same_hand  0.467109  12800
1-0         same_hand  0.471058  25275
0-0         same_hand  0.478149  63474
1-1         same_hand  0.483271  24688
2-2         same_hand  0.483525  19848
3-2         opp_hand   0.483622  12456
3-1         opp_hand   0.491485   6342
1-2         same_hand  0.491877  23699
0-1         same_hand  0.492447  30850
0-2         same_hand  0.495907  15515
            opp_hand   0.497692  15166
2-1         opp_hand   0.502230  14125
2-2         opp_hand   0.503731  21172
1-0         opp_hand   0.504224  26754
2-0         opp_hand   0.505428   9580
1-1         opp_hand   0.507447  25918
1-2         opp_hand   0.509935  24156
0-0         opp_hand   0.510334  64981
3-0         opp_hand   0.511806   3261
0-1         opp_hand   0.520451  30879

====================================================================================================
[X_count_x_li_recent] recent_only=True sub=None  (min n=3000)
                           succ      n
count_state li_bucket                 
3-1         <0.5       0.453722   3976
3-2         <0.5       0.458610   7828
            0.5-1.0    0.459764   7021
3-1         0.5-1.0    0.465709   3412
3-2         1.0-2.0    0.467679   6389
2-0         0.5-1.0    0.469940   5173
            <0.5       0.479163   6119
1-0         <0.5       0.479663  17333
2-2         <0.5       0.482573  13198
2-1         1.0-2.0    0.484445   7136
1-0         >2.0       0.484903   5564
2-1         <0.5       0.485820   8921
0-0         <0.5       0.486176  42425
2-1         0.5-1.0    0.487606   8109
3-1         1.0-2.0    0.488460   3163
1-0         0.5-1.0    0.488613  15325
0-0         >2.0       0.490184  13397
0-2         0.5-1.0    0.491494   9581
1-1         <0.5       0.492171  16669
            >2.0       0.492616   5146
0-2         <0.5       0.493176  10112
1-1         0.5-1.0    0.495409  15573
0-1         <0.5       0.497108  20225
1-2         <0.5       0.497121  15455
2-2         1.0-2.0    0.497888  11129
0-0         1.0-2.0    0.499127  33795
2-2         0.5-1.0    0.499165  12579
1-0         1.0-2.0    0.499457  13807
0-0         0.5-1.0    0.500824  38838
2-0         1.0-2.0    0.501333   4875
1-1         1.0-2.0    0.501513  13218
1-2         1.0-2.0    0.501673  12851
0-2         1.0-2.0    0.502687   8001
1-2         >2.0       0.503461   4767
            0.5-1.0    0.503653  14782
2-2         >2.0       0.503889   4114
0-1         >2.0       0.505953   6131
            0.5-1.0    0.509179  19284
            1.0-2.0    0.515135  16089

====================================================================================================
[X_count_x_score_recent] recent_only=True sub=None  (min n=3000)
                              succ      n
count_state score_bucket                 
3-2         gapped(4-5)   0.444923   3250
            mod(2-3)      0.455170   6547
1-0         blowout(>=6)  0.467107   6050
3-2         close(<=1)    0.469130  11338
3-1         close(<=1)    0.469253   5464
2-2         blowout(>=6)  0.473451   4294
2-1         gapped(4-5)   0.477822   3765
1-1         blowout(>=6)  0.481848   5564
0-0         blowout(>=6)  0.482273  14639
1-0         mod(2-3)      0.482960  14701
2-1         mod(2-3)      0.483404   7592
1-0         gapped(4-5)   0.485803   7114
3-1         mod(2-3)      0.485841   3390
2-0         mod(2-3)      0.486140   5231
0-0         gapped(4-5)   0.486800  17576
0-2         gapped(4-5)   0.487228   4189
0-1         blowout(>=6)  0.487812   6810
0-0         mod(2-3)      0.489517  36105
2-2         mod(2-3)      0.489816  11439
            gapped(4-5)   0.490526   5594
2-0         close(<=1)    0.490552   8256
2-1         close(<=1)    0.490627  12643
1-2         mod(2-3)      0.494130  13288
1-1         gapped(4-5)   0.495484   6864
0-2         close(<=1)    0.495725  14387
1-2         blowout(>=6)  0.495726   5148
1-1         close(<=1)    0.496084  24002
1-0         close(<=1)    0.497186  24164
0-1         gapped(4-5)   0.500000   8400
0-2         mod(2-3)      0.500232   8628
1-1         mod(2-3)      0.500423  14176
2-2         close(<=1)    0.501803  19693
0-0         close(<=1)    0.502569  60135
0-2         blowout(>=6)  0.504170   3477
1-2         gapped(4-5)   0.504907   6419
            close(<=1)    0.505043  23000
0-1         mod(2-3)      0.509955  17378
            close(<=1)    0.510586  29141

====================================================================================================
[ABS_R_season_x_count]
                        succ      n
season count_state                 
2019   0-0          0.555205  55711
       0-1          0.553211  26780
       0-2          0.519087  12836
       1-0          0.565243  22056
       1-1          0.558537  21653
       1-2          0.534452  20028
       2-0          0.548051   7388
       2-1          0.558873  11287
       2-2          0.540289  16878
       3-0          0.522318   2330
       3-1          0.544493   4821
       3-2          0.537073   9859
2020   0-0          0.525761  56695
       0-1          0.536516  26851
       0-2          0.525567  13005
       1-0          0.530202  23293
       1-1          0.533076  22796
       1-2          0.534102  21069
       2-0          0.524604   8088
       2-1          0.527009  12292
       2-2          0.525105  18084
       3-0          0.502956   2706
       3-1          0.504594   5333
       3-2          0.498124  10662
2021   0-0          0.515797  56212
       0-1          0.527840  26491
       0-2          0.516287  12894
       1-0          0.509029  23647
       1-1          0.515230  22652
       1-2          0.516796  20422
       2-0          0.504335   8651
       2-1          0.507334  12613
       2-2          0.510309  17897
       3-0          0.484951   2957
       3-1          0.481743   5806
       3-2          0.492945  10985
2022   0-0          0.506214  56002
       0-1          0.517938  27455
       0-2          0.499855  13808
       1-0          0.500928  22089
       1-1          0.511137  22133
       1-2          0.509644  21152
       2-0          0.493550   7519
       2-1          0.497408  11379
       2-2          0.501568  17854
       3-0          0.473400   2406
       3-1          0.473076   4847
       3-2          0.474566  10380
2023   0-0          0.506234  56306
       0-1          0.515728  27212
       0-2          0.506412  13023
       1-0          0.499188  22773
       1-1          0.509188  22746
       1-2          0.508351  21196
       2-0          0.495278   7729
       2-1          0.497557  12077
       2-2          0.499946  18428
       3-0          0.495778   2487
       3-1          0.482972   5168
       3-2          0.464560  10694
2024   0-0          0.490163  57385
       0-1          0.508751  27768
       0-2          0.492982  14321
       1-0          0.483672  23181
       1-1          0.488178  22332
       1-2          0.499563  21751
       2-0          0.475113   8177
       2-1          0.477772  11832
       2-2          0.493962  18384
       3-0          0.487573   2736
       3-1          0.463746   5227
       3-2          0.459098  10403

### R games 2024-2023 delta per count
count_state
1-1   -0.021010
2-0   -0.020164
2-1   -0.019785
3-1   -0.019226
0-0   -0.016071
1-0   -0.015516
0-2   -0.013429
1-2   -0.008787
3-0   -0.008205
0-1   -0.006977
2-2   -0.005984
3-2   -0.005461

====================================================================================================
[ABS_R_season_x_inning]
                         succ      n
season inning_phase                 
2019   1-3           0.557990  72254
       4-6           0.551881  70758
       7-9           0.538326  65622
       10+           0.532576   2993
2020   1-3           0.538768  74585
       4-6           0.527346  73995
       7-9           0.513967  69057
       10+           0.520853   3237
2021   1-3           0.521391  75709
       4-6           0.516446  74792
       7-9           0.499443  69157
       10+           0.507967   1569
2022   1-3           0.510327  72677
       4-6           0.506034  72335
       7-9           0.495674  68186
       10+           0.476215   3826
2023   1-3           0.509684  73316
       4-6           0.502421  73514
       7-9           0.496167  68751
       10+           0.514326   4258
2024   1-3           0.499621  75125
       4-6           0.488511  74465
       7-9           0.480711  70456
       10+           0.483338   3451

====================================================================================================
[ABS_R_season_x_platoon]
                      succ       n
season platoon                    
2019   opp_hand   0.552233  100425
       same_hand  0.547014  111202
2020   opp_hand   0.534271  107876
       same_hand  0.519912  112998
2021   opp_hand   0.519162  110168
       same_hand  0.506416  111059
2022   opp_hand   0.510654  110854
       same_hand  0.496421  106170
2023   opp_hand   0.514458  112738
       same_hand  0.491181  107101
2024   opp_hand   0.502299  118109
       same_hand  0.475595  105388

====================================================================================================
[ABS_R_season_x_base]
                       succ       n
season base_state                  
2019   123         0.538044    6269
       12_         0.548500   17103
       1_3         0.556491    6886
       1__         0.547579   41552
       _23         0.542362    4497
       _2_         0.546858   16262
       __3         0.550100    4990
       ___         0.551171  114068
2020   123         0.516063    6848
       12_         0.533340   18941
       1_3         0.525495    7570
       1__         0.524913   44013
       _23         0.523334    4607
       _2_         0.520194   16465
       __3         0.544998    4978
       ___         0.527688  117452
2021   123         0.505720    8129
       12_         0.506899   19351
       1_3         0.514388    7298
       1__         0.513465   44375
       _23         0.516046    4674
       _2_         0.513808   16584
       __3         0.526316    4560
       ___         0.513049  116256
2022   123         0.495652    6440
       12_         0.501738   17551
       1_3         0.510057    6960
       1__         0.508560   43047
       _23         0.513384    4595
       _2_         0.507815   16187
       __3         0.508609    5285
       ___         0.501082  116959
2023   123         0.486348    7032
       12_         0.497299   19065
       1_3         0.507136    6937
       1__         0.507505   43702
       _23         0.492011    4569
       _2_         0.505524   17469
       __3         0.526427    5203
       ___         0.502227  115862
2024   123         0.475953    7215
       12_         0.483251   18986
       1_3         0.493732    7419
       1__         0.492965   44920
       _23         0.489996    4798
       _2_         0.500343   17468
       __3         0.506716    5733
       ___         0.487662  116958

DONE
