
[S_batter_q_within_recent]
           succ      n
bq_re                 
Q1     0.487101  99778
Q2     0.493405  99776
Q3     0.496096  99773
Q4     0.496096  99775
Q5     0.491886  99771

[S_pitcher_q_within_recent]
           succ      n
pq_re                 
Q1     0.447741  99781
Q2     0.477341  99784
Q3     0.494834  99783
Q4     0.513382  99762
Q5     0.531420  99778

[S_2024_F_vs_R_count]
                           succ      n
game_type count_state                 
F         0-0          0.458270   7932
          0-1          0.442212   3634
          0-2          0.486914   1834
          1-0          0.453178   3257
          1-1          0.471654   2981
          1-2          0.483384   2648
          2-0          0.460905   1215
          2-1          0.447336   1614
          2-2          0.463652   2256
          3-0          0.449791    478
          3-1          0.428752    793
          3-2          0.440789   1368
R         0-0          0.490163  57385
          0-1          0.508751  27768
          0-2          0.492982  14321
          1-0          0.483672  23181
          1-1          0.488178  22332
          1-2          0.499563  21751
          2-0          0.475113   8177
          2-1          0.477772  11832
          2-2          0.493962  18384
          3-0          0.487573   2736
          3-1          0.463746   5227
          3-2          0.459098  10403

[S_3way_3-2]
                     succ      n
platoon   risp                  
opp_hand  False  0.516455  25706
          True   0.510905  10591
same_hand False  0.477724  23568
          True   0.496112  10673
[S_3way_3-2_recent]
                     succ     n
platoon   risp                 
opp_hand  False  0.488663  8644
          True   0.472193  3812
same_hand False  0.436169  7653
          True   0.437324  3558

[S_3way_3-1]
                     succ      n
platoon   risp                  
opp_hand  False  0.519951  12957
          True   0.531813   5611
same_hand False  0.476048  11335
          True   0.498189   5522
[S_3way_3-1_recent]
                     succ     n
platoon   risp                 
opp_hand  False  0.488787  4370
same_hand False  0.428454  3662

[S_3way_0-1]
                     succ      n
platoon   risp                  
opp_hand  False  0.538317  67020
          True   0.545236  21664
same_hand False  0.526510  68711
          True   0.534044  24380
[S_3way_0-1_recent]
                     succ      n
platoon   risp                  
opp_hand  False  0.519800  23207
          True   0.522419   7672
same_hand False  0.491764  22584
          True   0.494314   8266

[S_3way_0-0]
                     succ       n
platoon   risp                   
opp_hand  False  0.537741  140125
          True   0.532542   48691
same_hand False  0.518130  139517
          True   0.513662   52663
[S_3way_0-0_recent]
                     succ      n
platoon   risp                  
opp_hand  False  0.511500  47869
          True   0.507071  17112
same_hand False  0.479077  45882
          True   0.475728  17592

[S_3way_2-2]
                     succ      n
platoon   risp                  
opp_hand  False  0.528259  43543
          True   0.527705  16333
same_hand False  0.511699  42396
          True   0.519105  17430
[S_3way_2-2_recent]
                     succ      n
platoon   risp                  
opp_hand  False  0.505885  15209
          True   0.498239   5963
same_hand False  0.479768  14136
          True   0.492822   5712

[S_F_2023_24_count]
                 succ      n
count_state                 
0-0          0.465998  14764
0-1          0.459624   6749
0-2          0.475577   3337
1-0          0.463539   6075
1-1          0.470152   5528
1-2          0.475550   4908
2-0          0.464602   2260
2-1          0.467838   3016
2-2          0.467681   4208
3-0          0.442874    849
3-1          0.442039   1432
3-2          0.456809   2570

[S_R_2023_24_count]
                 succ       n
count_state                  
0-0          0.498122  113691
0-1          0.512204   54980
0-2          0.499378   27344
1-0          0.491361   45954
1-1          0.498780   45078
1-2          0.503900   42947
2-0          0.484911   15906
2-1          0.487766   23909
2-2          0.496958   36812
3-0          0.491480    5223
3-1          0.473304   10395
3-2          0.461867   21097

[S_F_season_n]
season
2019    25786
2020    23213
2021    25861
2022    30448
2023    25686
2024    30010

DONE
