[deploy_plato3b2] device: cuda | count_platoon_3b2_same 포함 전체 데이터 10시드 학습
train: (1475092, 60) | feats: 58 (base 57 + count_platoon_3b2_same) | lgb_cats: ['top_bottom', 'game_type', 'base_state', 'platoon', 'count_state'] | mlp_cats: 9
  [lgb] seed=42 trees=109 저장 /home/gpu_01/workspace_LGAIMERS/repro_979/submit_plato3b2/model/f3_s42.txt
  [lgb] seed=43 trees=109 저장 /home/gpu_01/workspace_LGAIMERS/repro_979/submit_plato3b2/model/f3_s43.txt
  [lgb] seed=44 trees=109 저장 /home/gpu_01/workspace_LGAIMERS/repro_979/submit_plato3b2/model/f3_s44.txt
  [lgb] seed=45 trees=109 저장 /home/gpu_01/workspace_LGAIMERS/repro_979/submit_plato3b2/model/f3_s45.txt
  [lgb] seed=46 trees=109 저장 /home/gpu_01/workspace_LGAIMERS/repro_979/submit_plato3b2/model/f3_s46.txt
  [lgb] seed=47 trees=109 저장 /home/gpu_01/workspace_LGAIMERS/repro_979/submit_plato3b2/model/f3_s47.txt
  [lgb] seed=48 trees=109 저장 /home/gpu_01/workspace_LGAIMERS/repro_979/submit_plato3b2/model/f3_s48.txt
  [lgb] seed=49 trees=109 저장 /home/gpu_01/workspace_LGAIMERS/repro_979/submit_plato3b2/model/f3_s49.txt
  [lgb] seed=50 trees=109 저장 /home/gpu_01/workspace_LGAIMERS/repro_979/submit_plato3b2/model/f3_s50.txt
  [lgb] seed=51 trees=109 저장 /home/gpu_01/workspace_LGAIMERS/repro_979/submit_plato3b2/model/f3_s51.txt
mlp: vocab=[793, 831, 14, 14, 3, 3, 9, 5, 13] | n_num=49 | cats=9 | nums=49
/home/gpu_01/.conda/envs/aimers9/lib/python3.11/site-packages/torch/nn/modules/linear.py:125: UserWarning: Deterministic behavior was enabled with either `torch.use_deterministic_algorithms(True)` or `at::Context::setDeterministicAlgorithms(true)`, but this operation is not deterministic because it uses CuBLAS and you have CUDA >= 10.2. To enable deterministic behavior in this case, you must set an environment variable before running your PyTorch application: CUBLAS_WORKSPACE_CONFIG=:4096:8 or CUBLAS_WORKSPACE_CONFIG=:16:8. For more information, go to https://docs.nvidia.com/cuda/cublas/index.html#results-reproducibility (Triggered internally at ../aten/src/ATen/Context.cpp:208.)
  return F.linear(input, self.weight, self.bias)
/home/gpu_01/.conda/envs/aimers9/lib/python3.11/site-packages/torch/autograd/graph.py:825: UserWarning: Deterministic behavior was enabled with either `torch.use_deterministic_algorithms(True)` or `at::Context::setDeterministicAlgorithms(true)`, but this operation is not deterministic because it uses CuBLAS and you have CUDA >= 10.2. To enable deterministic behavior in this case, you must set an environment variable before running your PyTorch application: CUBLAS_WORKSPACE_CONFIG=:4096:8 or CUBLAS_WORKSPACE_CONFIG=:16:8. For more information, go to https://docs.nvidia.com/cuda/cublas/index.html#results-reproducibility (Triggered internally at ../aten/src/ATen/Context.cpp:208.)
  return Variable._execution_engine.run_backward(  # Calls into the C++ engine to run the backward pass
  [mlp] seed=42 epochs=30 best_train_loss=0.6759 (429s)
  [mlp] seed=43 epochs=30 best_train_loss=0.6756 (671s)
  [mlp] seed=44 epochs=30 best_train_loss=0.6760 (935s)
  [mlp] seed=45 epochs=30 best_train_loss=0.6758 (1209s)
  [mlp] seed=46 epochs=30 best_train_loss=0.6757 (1474s)
  [mlp] seed=47 epochs=30 best_train_loss=0.6757 (1736s)
  [mlp] seed=48 epochs=30 best_train_loss=0.6756 (2005s)
  [mlp] seed=49 epochs=30 best_train_loss=0.6756 (2277s)
  [mlp] seed=50 epochs=30 best_train_loss=0.6755 (2546s)
  [mlp] seed=51 epochs=30 best_train_loss=0.6758 (2811s)

완료: submit_plato3b2/model/f3_s*.txt(10) + mlp_s*.pt(10) + mlp_prep.pkl + mlp_meta.json + train_meta.json (총 2811s)
