=== [1/2] LGB 10시드 full data ===
[deploy_lgb] 채택 피처 포함 F3 전체 데이터 10시드 학습
train: (1475092, 60) | feats: 51 (base 47 + 4) | cats: ['top_bottom', 'game_type', 'base_state', 'platoon', 'count_state'] | rounds: 109
  seed=42 trees=109 저장 submit/model/f3_s42.txt (13s)
  seed=43 trees=109 저장 submit/model/f3_s43.txt (20s)
  seed=44 trees=109 저장 submit/model/f3_s44.txt (26s)
  seed=45 trees=109 저장 submit/model/f3_s45.txt (33s)
  seed=46 trees=109 저장 submit/model/f3_s46.txt (40s)
  seed=47 trees=109 저장 submit/model/f3_s47.txt (48s)
  seed=48 trees=109 저장 submit/model/f3_s48.txt (54s)
  seed=49 trees=109 저장 submit/model/f3_s49.txt (61s)
  seed=50 trees=109 저장 submit/model/f3_s50.txt (68s)
  seed=51 trees=109 저장 submit/model/f3_s51.txt (75s)

완료: submit/model/f3_s*.txt (10개) + train_meta.json (총 75s)
LGB exit: 0
=== [2/2] MLP 10시드 full data (CUDA_VISIBLE_DEVICES=0) ===
device: cuda
[deploy_mlp] 채택 피처 포함 전체 데이터 MLP 10시드 학습
feats: 51 | cats(11): ['pitcher_id', 'batter_id', 'pitcher_team_id', 'batter_team_id', 'top_bottom', 'game_type', 'base_state', 'platoon', 'count_state', 'asof_n_bucket', 'score_diff_binary'] | nums: 40
full: 1475092 | vocab: [793, 831, 14, 14, 3, 3, 9, 5, 13, 6, 3] | nums: 40
/home/gpu_01/.conda/envs/aimers9/lib/python3.11/site-packages/torch/nn/modules/linear.py:125: UserWarning: Deterministic behavior was enabled with either `torch.use_deterministic_algorithms(True)` or `at::Context::setDeterministicAlgorithms(true)`, but this operation is not deterministic because it uses CuBLAS and you have CUDA >= 10.2. To enable deterministic behavior in this case, you must set an environment variable before running your PyTorch application: CUBLAS_WORKSPACE_CONFIG=:4096:8 or CUBLAS_WORKSPACE_CONFIG=:16:8. For more information, go to https://docs.nvidia.com/cuda/cublas/index.html#results-reproducibility (Triggered internally at ../aten/src/ATen/Context.cpp:208.)
  return F.linear(input, self.weight, self.bias)
/home/gpu_01/.conda/envs/aimers9/lib/python3.11/site-packages/torch/autograd/graph.py:825: UserWarning: Deterministic behavior was enabled with either `torch.use_deterministic_algorithms(True)` or `at::Context::setDeterministicAlgorithms(true)`, but this operation is not deterministic because it uses CuBLAS and you have CUDA >= 10.2. To enable deterministic behavior in this case, you must set an environment variable before running your PyTorch application: CUBLAS_WORKSPACE_CONFIG=:4096:8 or CUBLAS_WORKSPACE_CONFIG=:16:8. For more information, go to https://docs.nvidia.com/cuda/cublas/index.html#results-reproducibility (Triggered internally at ../aten/src/ATen/Context.cpp:208.)
  return Variable._execution_engine.run_backward(  # Calls into the C++ engine to run the backward pass
  seed=42 epochs=30 best_train_loss=0.6760 (86s)
  seed=43 epochs=30 best_train_loss=0.6757 (145s)
  seed=44 epochs=30 best_train_loss=0.6765 (202s)
  seed=45 epochs=30 best_train_loss=0.6761 (260s)
  seed=46 epochs=30 best_train_loss=0.6758 (319s)
  seed=47 epochs=30 best_train_loss=0.6759 (378s)
  seed=48 epochs=30 best_train_loss=0.6760 (435s)
  seed=49 epochs=30 best_train_loss=0.6759 (494s)
  seed=50 epochs=30 best_train_loss=0.6757 (551s)
  seed=51 epochs=30 best_train_loss=0.6759 (608s)

저장 완료: submit/model/mlp_s*.pt (10개) + mlp_prep.pkl + mlp_meta.json (총 608s)
MLP exit: 0
=== deploy train 완료 ===
total 17804
drwxrwxr-x 2 gpu_01 gpu_01    4096  8월 10 00:14 .
drwxrwxr-x 4 gpu_01 gpu_01    4096  8월 10 00:02 ..
-rw-rw-r-- 1 gpu_01 gpu_01  777984  8월 10 00:03 f3_s42.txt
-rw-rw-r-- 1 gpu_01 gpu_01  777311  8월 10 00:03 f3_s43.txt
-rw-rw-r-- 1 gpu_01 gpu_01  777427  8월 10 00:03 f3_s44.txt
-rw-rw-r-- 1 gpu_01 gpu_01  778315  8월 10 00:03 f3_s45.txt
-rw-rw-r-- 1 gpu_01 gpu_01  778287  8월 10 00:03 f3_s46.txt
-rw-rw-r-- 1 gpu_01 gpu_01  777612  8월 10 00:03 f3_s47.txt
-rw-rw-r-- 1 gpu_01 gpu_01  777661  8월 10 00:03 f3_s48.txt
-rw-rw-r-- 1 gpu_01 gpu_01  777790  8월 10 00:03 f3_s49.txt
-rw-rw-r-- 1 gpu_01 gpu_01  778092  8월 10 00:03 f3_s50.txt
-rw-rw-r-- 1 gpu_01 gpu_01  777434  8월 10 00:04 f3_s51.txt
-rw-rw-r-- 1 gpu_01 gpu_01     856  8월 10 00:14 mlp_meta.json
-rw-rw-r-- 1 gpu_01 gpu_01   20101  8월 10 00:04 mlp_prep.pkl
-rw-rw-r-- 1 gpu_01 gpu_01 1037019  8월 10 00:05 mlp_s42.pt
-rw-rw-r-- 1 gpu_01 gpu_01 1037019  8월 10 00:06 mlp_s43.pt
-rw-rw-r-- 1 gpu_01 gpu_01 1037019  8월 10 00:07 mlp_s44.pt
-rw-rw-r-- 1 gpu_01 gpu_01 1037019  8월 10 00:08 mlp_s45.pt
-rw-rw-r-- 1 gpu_01 gpu_01 1037019  8월 10 00:09 mlp_s46.pt
-rw-rw-r-- 1 gpu_01 gpu_01 1037019  8월 10 00:10 mlp_s47.pt
-rw-rw-r-- 1 gpu_01 gpu_01 1037019  8월 10 00:11 mlp_s48.pt
-rw-rw-r-- 1 gpu_01 gpu_01 1037019  8월 10 00:12 mlp_s49.pt
-rw-rw-r-- 1 gpu_01 gpu_01 1037019  8월 10 00:13 mlp_s50.pt
-rw-rw-r-- 1 gpu_01 gpu_01 1037019  8월 10 00:14 mlp_s51.pt
-rw-rw-r-- 1 gpu_01 gpu_01    2004  8월 10 00:04 train_meta.json
