[e6c_blend_platoon3b2] count_platoon_3b2_same LGB10시드 + MLP5시드 블렌딩 4폴드 검증 | device: cuda
train: (1475092, 60) | base_feats: 57 | cand_feats: 58 | cats: 11 | lgb_cats: ['top_bottom', 'game_type', 'base_state', 'platoon', 'count_state']
  feature OK: count_platoon_3b2_same dtype=int8 NaN=0 shape=1475092 (cand=58=base 57+1)
Training until validation scores don't improve for 50 rounds
Early stopping, best iteration is:
[116]	valid_0's binary_logloss: 0.6892
Training until validation scores don't improve for 50 rounds
Early stopping, best iteration is:
[112]	valid_0's binary_logloss: 0.689281
Training until validation scores don't improve for 50 rounds
Early stopping, best iteration is:
[120]	valid_0's binary_logloss: 0.689153
Training until validation scores don't improve for 50 rounds
Early stopping, best iteration is:
[91]	valid_0's binary_logloss: 0.68914
Training until validation scores don't improve for 50 rounds
Early stopping, best iteration is:
[94]	valid_0's binary_logloss: 0.689316
Training until validation scores don't improve for 50 rounds
Early stopping, best iteration is:
[101]	valid_0's binary_logloss: 0.689261
Training until validation scores don't improve for 50 rounds
Early stopping, best iteration is:
[81]	valid_0's binary_logloss: 0.689243
Training until validation scores don't improve for 50 rounds
Early stopping, best iteration is:
[104]	valid_0's binary_logloss: 0.689116
Training until validation scores don't improve for 50 rounds
Early stopping, best iteration is:
[102]	valid_0's binary_logloss: 0.689313
Training until validation scores don't improve for 50 rounds
Early stopping, best iteration is:
[103]	valid_0's binary_logloss: 0.689127
  [lgb/base/primary] BSS=729.7 pred_mean=0.4975 저장 cache/plato3b2_base_primary_lgb.npy (475s)
Training until validation scores don't improve for 50 rounds
Early stopping, best iteration is:
[85]	valid_0's binary_logloss: 0.690388
Training until validation scores don't improve for 50 rounds
Early stopping, best iteration is:
[96]	valid_0's binary_logloss: 0.690441
Training until validation scores don't improve for 50 rounds
Early stopping, best iteration is:
[59]	valid_0's binary_logloss: 0.6904
Training until validation scores don't improve for 50 rounds
Early stopping, best iteration is:
[84]	valid_0's binary_logloss: 0.690343
Training until validation scores don't improve for 50 rounds
Early stopping, best iteration is:
[77]	valid_0's binary_logloss: 0.690358
Training until validation scores don't improve for 50 rounds
Early stopping, best iteration is:
[85]	valid_0's binary_logloss: 0.690315
Training until validation scores don't improve for 50 rounds
Early stopping, best iteration is:
[72]	valid_0's binary_logloss: 0.690396
Training until validation scores don't improve for 50 rounds
Early stopping, best iteration is:
[77]	valid_0's binary_logloss: 0.690307
Training until validation scores don't improve for 50 rounds
Early stopping, best iteration is:
[78]	valid_0's binary_logloss: 0.690353
Training until validation scores don't improve for 50 rounds
Early stopping, best iteration is:
[96]	valid_0's binary_logloss: 0.69035
  [lgb/base/r2022] BSS=575.1 pred_mean=0.5074 저장 cache/plato3b2_base_r2022_lgb.npy (92s)
Training until validation scores don't improve for 50 rounds
Early stopping, best iteration is:
[48]	valid_0's binary_logloss: 0.690377
Training until validation scores don't improve for 50 rounds
Early stopping, best iteration is:
[59]	valid_0's binary_logloss: 0.690466
Training until validation scores don't improve for 50 rounds
Early stopping, best iteration is:
[53]	valid_0's binary_logloss: 0.690629
Training until validation scores don't improve for 50 rounds
Early stopping, best iteration is:
[52]	valid_0's binary_logloss: 0.690321
Training until validation scores don't improve for 50 rounds
Early stopping, best iteration is:
[50]	valid_0's binary_logloss: 0.690509
Training until validation scores don't improve for 50 rounds
Early stopping, best iteration is:
[53]	valid_0's binary_logloss: 0.690477
Training until validation scores don't improve for 50 rounds
Early stopping, best iteration is:
[65]	valid_0's binary_logloss: 0.690364
Training until validation scores don't improve for 50 rounds
Early stopping, best iteration is:
[65]	valid_0's binary_logloss: 0.690354
Training until validation scores don't improve for 50 rounds
Early stopping, best iteration is:
[49]	valid_0's binary_logloss: 0.690456
Training until validation scores don't improve for 50 rounds
Early stopping, best iteration is:
[57]	valid_0's binary_logloss: 0.690365
  [lgb/base/r2023] BSS=552.3 pred_mean=0.5033 저장 cache/plato3b2_base_r2023_lgb.npy (105s)
Training until validation scores don't improve for 50 rounds
Early stopping, best iteration is:
[74]	valid_0's binary_logloss: 0.689413
Training until validation scores don't improve for 50 rounds
Early stopping, best iteration is:
[84]	valid_0's binary_logloss: 0.689501
Training until validation scores don't improve for 50 rounds
Early stopping, best iteration is:
[97]	valid_0's binary_logloss: 0.6894
Training until validation scores don't improve for 50 rounds
Early stopping, best iteration is:
[89]	valid_0's binary_logloss: 0.68944
Training until validation scores don't improve for 50 rounds
Early stopping, best iteration is:
[93]	valid_0's binary_logloss: 0.689511
Training until validation scores don't improve for 50 rounds
Early stopping, best iteration is:
[75]	valid_0's binary_logloss: 0.689511
Training until validation scores don't improve for 50 rounds
Early stopping, best iteration is:
[81]	valid_0's binary_logloss: 0.689393
Training until validation scores don't improve for 50 rounds
Early stopping, best iteration is:
[92]	valid_0's binary_logloss: 0.689529
Training until validation scores don't improve for 50 rounds
Early stopping, best iteration is:
[76]	valid_0's binary_logloss: 0.689569
Training until validation scores don't improve for 50 rounds
Early stopping, best iteration is:
[77]	valid_0's binary_logloss: 0.689521
  [lgb/base/r2024] BSS=710.6 pred_mean=0.5008 저장 cache/plato3b2_base_r2024_lgb.npy (122s)
Training until validation scores don't improve for 50 rounds
Early stopping, best iteration is:
[122]	valid_0's binary_logloss: 0.689106
Training until validation scores don't improve for 50 rounds
Early stopping, best iteration is:
[100]	valid_0's binary_logloss: 0.689202
Training until validation scores don't improve for 50 rounds
Early stopping, best iteration is:
[122]	valid_0's binary_logloss: 0.689191
Training until validation scores don't improve for 50 rounds
Early stopping, best iteration is:
[98]	valid_0's binary_logloss: 0.689153
Training until validation scores don't improve for 50 rounds
Early stopping, best iteration is:
[88]	valid_0's binary_logloss: 0.689249
Training until validation scores don't improve for 50 rounds
Early stopping, best iteration is:
[92]	valid_0's binary_logloss: 0.689141
Training until validation scores don't improve for 50 rounds
Early stopping, best iteration is:
[84]	valid_0's binary_logloss: 0.689152
Training until validation scores don't improve for 50 rounds
Early stopping, best iteration is:
[79]	valid_0's binary_logloss: 0.689292
Training until validation scores don't improve for 50 rounds
Early stopping, best iteration is:
[100]	valid_0's binary_logloss: 0.689201
Training until validation scores don't improve for 50 rounds
Early stopping, best iteration is:
[107]	valid_0's binary_logloss: 0.689176
  [lgb/cand/primary] BSS=734.6 pred_mean=0.4973 저장 cache/plato3b2_cand_primary_lgb.npy (160s)
Training until validation scores don't improve for 50 rounds
Early stopping, best iteration is:
[88]	valid_0's binary_logloss: 0.690398
Training until validation scores don't improve for 50 rounds
Early stopping, best iteration is:
[67]	valid_0's binary_logloss: 0.690442
Training until validation scores don't improve for 50 rounds
Early stopping, best iteration is:
[61]	valid_0's binary_logloss: 0.690361
Training until validation scores don't improve for 50 rounds
Early stopping, best iteration is:
[80]	valid_0's binary_logloss: 0.690443
Training until validation scores don't improve for 50 rounds
Early stopping, best iteration is:
[76]	valid_0's binary_logloss: 0.690339
Training until validation scores don't improve for 50 rounds
Early stopping, best iteration is:
[68]	valid_0's binary_logloss: 0.690311
Training until validation scores don't improve for 50 rounds
Early stopping, best iteration is:
[84]	valid_0's binary_logloss: 0.690297
Training until validation scores don't improve for 50 rounds
Early stopping, best iteration is:
[84]	valid_0's binary_logloss: 0.690307
Training until validation scores don't improve for 50 rounds
Early stopping, best iteration is:
[80]	valid_0's binary_logloss: 0.690259
Training until validation scores don't improve for 50 rounds
Early stopping, best iteration is:
[69]	valid_0's binary_logloss: 0.690291
  [lgb/cand/r2022] BSS=576.9 pred_mean=0.5075 저장 cache/plato3b2_cand_r2022_lgb.npy (96s)
Training until validation scores don't improve for 50 rounds
Early stopping, best iteration is:
[50]	valid_0's binary_logloss: 0.690339
Training until validation scores don't improve for 50 rounds
Early stopping, best iteration is:
[54]	valid_0's binary_logloss: 0.690554
Training until validation scores don't improve for 50 rounds
Early stopping, best iteration is:
[50]	valid_0's binary_logloss: 0.690339
Training until validation scores don't improve for 50 rounds
Early stopping, best iteration is:
[47]	valid_0's binary_logloss: 0.690416
Training until validation scores don't improve for 50 rounds
Early stopping, best iteration is:
[56]	valid_0's binary_logloss: 0.690338
Training until validation scores don't improve for 50 rounds
Early stopping, best iteration is:
[63]	valid_0's binary_logloss: 0.690412
Training until validation scores don't improve for 50 rounds
Early stopping, best iteration is:
[43]	valid_0's binary_logloss: 0.690367
Training until validation scores don't improve for 50 rounds
Early stopping, best iteration is:
[53]	valid_0's binary_logloss: 0.690491
Training until validation scores don't improve for 50 rounds
Early stopping, best iteration is:
[58]	valid_0's binary_logloss: 0.690531
Training until validation scores don't improve for 50 rounds
Early stopping, best iteration is:
[45]	valid_0's binary_logloss: 0.690425
  [lgb/cand/r2023] BSS=553.6 pred_mean=0.5036 저장 cache/plato3b2_cand_r2023_lgb.npy (109s)
Training until validation scores don't improve for 50 rounds
Early stopping, best iteration is:
[90]	valid_0's binary_logloss: 0.689511
Training until validation scores don't improve for 50 rounds
Early stopping, best iteration is:
[83]	valid_0's binary_logloss: 0.689462
Training until validation scores don't improve for 50 rounds
Early stopping, best iteration is:
[85]	valid_0's binary_logloss: 0.689415
Training until validation scores don't improve for 50 rounds
Early stopping, best iteration is:
[70]	valid_0's binary_logloss: 0.689476
Training until validation scores don't improve for 50 rounds
Early stopping, best iteration is:
[87]	valid_0's binary_logloss: 0.689433
Training until validation scores don't improve for 50 rounds
Early stopping, best iteration is:
[89]	valid_0's binary_logloss: 0.689439
Training until validation scores don't improve for 50 rounds
Early stopping, best iteration is:
[93]	valid_0's binary_logloss: 0.68944
Training until validation scores don't improve for 50 rounds
Early stopping, best iteration is:
[70]	valid_0's binary_logloss: 0.689511
Training until validation scores don't improve for 50 rounds
Early stopping, best iteration is:
[86]	valid_0's binary_logloss: 0.689443
Training until validation scores don't improve for 50 rounds
Early stopping, best iteration is:
[67]	valid_0's binary_logloss: 0.68954
  [lgb/cand/r2024] BSS=712.9 pred_mean=0.5009 저장 cache/plato3b2_cand_r2024_lgb.npy (127s)

=== [mlp/primary] ===
/home/gpu_01/.conda/envs/aimers9/lib/python3.11/site-packages/torch/nn/modules/linear.py:125: UserWarning: Deterministic behavior was enabled with either `torch.use_deterministic_algorithms(True)` or `at::Context::setDeterministicAlgorithms(true)`, but this operation is not deterministic because it uses CuBLAS and you have CUDA >= 10.2. To enable deterministic behavior in this case, you must set an environment variable before running your PyTorch application: CUBLAS_WORKSPACE_CONFIG=:4096:8 or CUBLAS_WORKSPACE_CONFIG=:16:8. For more information, go to https://docs.nvidia.com/cuda/cublas/index.html#results-reproducibility (Triggered internally at ../aten/src/ATen/Context.cpp:208.)
  return F.linear(input, self.weight, self.bias)
/home/gpu_01/.conda/envs/aimers9/lib/python3.11/site-packages/torch/autograd/graph.py:825: UserWarning: Deterministic behavior was enabled with either `torch.use_deterministic_algorithms(True)` or `at::Context::setDeterministicAlgorithms(true)`, but this operation is not deterministic because it uses CuBLAS and you have CUDA >= 10.2. To enable deterministic behavior in this case, you must set an environment variable before running your PyTorch application: CUBLAS_WORKSPACE_CONFIG=:4096:8 or CUBLAS_WORKSPACE_CONFIG=:16:8. For more information, go to https://docs.nvidia.com/cuda/cublas/index.html#results-reproducibility (Triggered internally at ../aten/src/ATen/Context.cpp:208.)
  return Variable._execution_engine.run_backward(  # Calls into the C++ engine to run the backward pass
  seed=42 bss=561.9
  seed=43 bss=580.2
  seed=44 bss=556.2
  seed=45 bss=607.7
  seed=46 bss=560.1

=== [mlp/r2022] ===
/home/gpu_01/.conda/envs/aimers9/lib/python3.11/site-packages/torch/nn/modules/linear.py:125: UserWarning: Deterministic behavior was enabled with either `torch.use_deterministic_algorithms(True)` or `at::Context::setDeterministicAlgorithms(true)`, but this operation is not deterministic because it uses CuBLAS and you have CUDA >= 10.2. To enable deterministic behavior in this case, you must set an environment variable before running your PyTorch application: CUBLAS_WORKSPACE_CONFIG=:4096:8 or CUBLAS_WORKSPACE_CONFIG=:16:8. For more information, go to https://docs.nvidia.com/cuda/cublas/index.html#results-reproducibility (Triggered internally at ../aten/src/ATen/Context.cpp:208.)
  return F.linear(input, self.weight, self.bias)
/home/gpu_01/.conda/envs/aimers9/lib/python3.11/site-packages/torch/autograd/graph.py:825: UserWarning: Deterministic behavior was enabled with either `torch.use_deterministic_algorithms(True)` or `at::Context::setDeterministicAlgorithms(true)`, but this operation is not deterministic because it uses CuBLAS and you have CUDA >= 10.2. To enable deterministic behavior in this case, you must set an environment variable before running your PyTorch application: CUBLAS_WORKSPACE_CONFIG=:4096:8 or CUBLAS_WORKSPACE_CONFIG=:16:8. For more information, go to https://docs.nvidia.com/cuda/cublas/index.html#results-reproducibility (Triggered internally at ../aten/src/ATen/Context.cpp:208.)
  return Variable._execution_engine.run_backward(  # Calls into the C++ engine to run the backward pass
  seed=42 bss=514.4
  seed=43 bss=539.5
  seed=44 bss=517.7
  seed=45 bss=532.9
  seed=46 bss=522.8

=== [mlp/r2023] ===
/home/gpu_01/.conda/envs/aimers9/lib/python3.11/site-packages/torch/nn/modules/linear.py:125: UserWarning: Deterministic behavior was enabled with either `torch.use_deterministic_algorithms(True)` or `at::Context::setDeterministicAlgorithms(true)`, but this operation is not deterministic because it uses CuBLAS and you have CUDA >= 10.2. To enable deterministic behavior in this case, you must set an environment variable before running your PyTorch application: CUBLAS_WORKSPACE_CONFIG=:4096:8 or CUBLAS_WORKSPACE_CONFIG=:16:8. For more information, go to https://docs.nvidia.com/cuda/cublas/index.html#results-reproducibility (Triggered internally at ../aten/src/ATen/Context.cpp:208.)
  return F.linear(input, self.weight, self.bias)
/home/gpu_01/.conda/envs/aimers9/lib/python3.11/site-packages/torch/autograd/graph.py:825: UserWarning: Deterministic behavior was enabled with either `torch.use_deterministic_algorithms(True)` or `at::Context::setDeterministicAlgorithms(true)`, but this operation is not deterministic because it uses CuBLAS and you have CUDA >= 10.2. To enable deterministic behavior in this case, you must set an environment variable before running your PyTorch application: CUBLAS_WORKSPACE_CONFIG=:4096:8 or CUBLAS_WORKSPACE_CONFIG=:16:8. For more information, go to https://docs.nvidia.com/cuda/cublas/index.html#results-reproducibility (Triggered internally at ../aten/src/ATen/Context.cpp:208.)
  return Variable._execution_engine.run_backward(  # Calls into the C++ engine to run the backward pass
  seed=42 bss=488.4
  seed=43 bss=496.4
  seed=44 bss=532.6
  seed=45 bss=486.7
  seed=46 bss=529.5

=== [mlp/r2024] ===
/home/gpu_01/.conda/envs/aimers9/lib/python3.11/site-packages/torch/nn/modules/linear.py:125: UserWarning: Deterministic behavior was enabled with either `torch.use_deterministic_algorithms(True)` or `at::Context::setDeterministicAlgorithms(true)`, but this operation is not deterministic because it uses CuBLAS and you have CUDA >= 10.2. To enable deterministic behavior in this case, you must set an environment variable before running your PyTorch application: CUBLAS_WORKSPACE_CONFIG=:4096:8 or CUBLAS_WORKSPACE_CONFIG=:16:8. For more information, go to https://docs.nvidia.com/cuda/cublas/index.html#results-reproducibility (Triggered internally at ../aten/src/ATen/Context.cpp:208.)
  return F.linear(input, self.weight, self.bias)
/home/gpu_01/.conda/envs/aimers9/lib/python3.11/site-packages/torch/autograd/graph.py:825: UserWarning: Deterministic behavior was enabled with either `torch.use_deterministic_algorithms(True)` or `at::Context::setDeterministicAlgorithms(true)`, but this operation is not deterministic because it uses CuBLAS and you have CUDA >= 10.2. To enable deterministic behavior in this case, you must set an environment variable before running your PyTorch application: CUBLAS_WORKSPACE_CONFIG=:4096:8 or CUBLAS_WORKSPACE_CONFIG=:16:8. For more information, go to https://docs.nvidia.com/cuda/cublas/index.html#results-reproducibility (Triggered internally at ../aten/src/ATen/Context.cpp:208.)
  return Variable._execution_engine.run_backward(  # Calls into the C++ engine to run the backward pass
  seed=42 bss=635.2
  seed=43 bss=645.4
  seed=44 bss=646.8
  seed=45 bss=645.6
  seed=46 bss=648.9
  [primary] lgb_base=729.7 lgb_cand=734.6 Δ=+4.9 mlp=686.8 corr=0.890
  [r2022] lgb_base=575.1 lgb_cand=576.9 Δ=+1.8 mlp=603.4 corr=0.902
  [r2023] lgb_base=552.3 lgb_cand=553.6 Δ=+1.3 mlp=584.6 corr=0.934
  [r2024] lgb_base=710.6 lgb_cand=712.9 Δ=+2.2 mlp=737.8 corr=0.935

primary 최적 w(lgb)=0.620 → blend=762.5 (lgb_cand 단독 734.6, 증분 +28.0)
  r2022: lgb=576.9 blend_fixed(w=0.62)=611.4 gain=+34.4 | opt(w=0.50)=616.0 gain=+39.1
  r2023: lgb=553.6 blend_fixed(w=0.62)=581.9 gain=+28.3 | opt(w=0.50)=586.7 gain=+33.1
  r2024: lgb=712.9 blend_fixed(w=0.62)=746.6 gain=+33.7 | opt(w=0.50)=751.1 gain=+38.2

LGB gain gate: primary=+4.9 | R-only 3/3 | corr<0.95 True | maxΔmean=0.00034 (실패: primary +4.9<+15)
Blend gate: primary 증분=+28.0 | R-only 3/3 (OK)

판정: 기각 — 게이트 미달: LGB gain gate: primary +4.9<+15

==============================================================================================================
  fold       lgb_base  lgb_cand       Δ       mlp    corr blend_fixed    gain
--------------------------------------------------------------------------------------------------------------
  primary       729.7     734.6    +4.9     686.8   0.890       762.5   +28.0
  r2022         575.1     576.9    +1.8     603.4   0.902       611.4   +34.4
  r2023         552.3     553.6    +1.3     584.6   0.934       581.9   +28.3
  r2024         710.6     712.9    +2.2     737.8   0.935       746.6   +33.7
==============================================================================================================

저장: experiments/e6c_blend_platoon3b2.json (총 2343s)
