[blend_selector] Todo 7 — 홀드아웃 앙상블 선택 (smoke=True, leakage_injection=False, force_negative=False)
[blend_selector] 폴드: selection=primary held_out=['r2022', 'r2023', 'r2024'] | 라벨 로드 OK (2025 부재 확인)
[manifest] 등록 17/17 멤버: ['catboost', 'champion', 'lgb', 'mlp', 'task4_batter_debut_league_impute_success', 'task4_count_state_abs_regime', 'task4_debut_league_impute_success', 'task4_f_game_post2023_label_mapping', 'task4_league_trend_ratio_middle', 'task4_log1p_usage_pitcher', 'task4_season_dev_success_pitcher', 'task4_usage_rank_pitcher', 'task6_exp_recent', 'task6_linear_recent', 'task6_regime_step', 'task6_uniform', 'xgboost']
[manifest] OK    champion (task=Task 2, digest=OK)
[manifest] OK    lgb (task=Task 2, digest=OK)
[manifest] OK    mlp (task=Task 2, digest=OK)
[manifest] OK    xgboost (task=Task 5, digest=OK)
[manifest] OK    catboost (task=Task 5, digest=OK)
[manifest] OK    task4_batter_debut_league_impute_success (task=Task 4, digest=OK)
[manifest] OK    task4_count_state_abs_regime (task=Task 4, digest=OK)
[manifest] OK    task4_debut_league_impute_success (task=Task 4, digest=OK)
[manifest] OK    task4_f_game_post2023_label_mapping (task=Task 4, digest=OK)
[manifest] OK    task4_league_trend_ratio_middle (task=Task 4, digest=OK)
[manifest] OK    task4_log1p_usage_pitcher (task=Task 4, digest=OK)
[manifest] OK    task4_season_dev_success_pitcher (task=Task 4, digest=OK)
[manifest] OK    task4_usage_rank_pitcher (task=Task 4, digest=OK)
[manifest] OK    task6_uniform (task=Task 6, digest=OK)
[manifest] OK    task6_linear_recent (task=Task 6, digest=OK)
[manifest] OK    task6_exp_recent (task=Task 6, digest=OK)
[manifest] OK    task6_regime_step (task=Task 6, digest=OK)
[blend_selector] 후보 2개: lgb_mlp, champ_xgb

=== candidate lgb_mlp (members=['lgb', 'mlp'], kind=recovery) ===
  weight_fit(selection=primary): lgb=0.50, mlp=0.50 | sel_bss=774.137 | candidate_id=2c482cd2407397d8
  [r2022   ] blend=   607.3 champ=   607.2 Δ=  +0.11 mean=0.5072 Δmean=-0.0000 corr_champ=1.000
  [r2023   ] blend=   571.9 champ=   571.8 Δ=  +0.10 mean=0.5017 Δmean=-0.0000 corr_champ=1.000
  [r2024   ] blend=   723.9 champ=   724.1 Δ=  -0.24 mean=0.4977 Δmean=-0.0001 corr_champ=1.000
  bootstrap(pooled): p5=-0.14 p50=-0.02 p95=+0.10 LB>0=False
  mean_shift max|Δmean|=0.0001 | diversity max_pairwise_corr=0.935 non_trivial=True
  verdict: rejected — 사유: (b) R-only 전이 미충족 (ΔBSS > +1.0 각각): r2022 +0.11, r2023 +0.10, r2024 -0.24; (e) 부트스트랩 하한(5%) -0.14 ≤ 0 (풀링)

=== candidate champ_xgb (members=['champion', 'xgboost'], kind=pair) ===
  weight_fit(selection=primary): champion=1.00, xgboost=0.00 | sel_bss=774.159 | candidate_id=9b1203a773794b9a
  [r2022   ] blend=   607.2 champ=   607.2 Δ=  +0.00 mean=0.5072 Δmean=+0.0000 corr_champ=1.000
  [r2023   ] blend=   571.8 champ=   571.8 Δ=  +0.00 mean=0.5018 Δmean=+0.0000 corr_champ=1.000
  [r2024   ] blend=   724.1 champ=   724.1 Δ=  +0.00 mean=0.4978 Δmean=+0.0000 corr_champ=1.000
  bootstrap(pooled): p5=+0.00 p50=+0.00 p95=+0.00 LB>0=False
  mean_shift max|Δmean|=0.0000 | diversity max_pairwise_corr=0.971 non_trivial=True
  verdict: rejected — 사유: (b) R-only 전이 미충족 (ΔBSS > +1.0 각각): r2022 +0.00, r2023 +0.00, r2024 +0.00; (e) 부트스트랩 하한(5%) +0.00 ≤ 0 (풀링)

[blend_selector] 전이 게이트 결과: accepted 0/2
[blend_selector] 승격 가능한 블렌드 없음 — 챔피언 컨트롤 (LGB×0.51 + MLP×0.49, w=0.51) 이 Todo 8 제출 기준선 유지.

[blend_selector] 증거 JSON → /home/2022113165/workspace_LGAIMERS/.omo/evidence/aimers9-top100/task-7-blend-smoke.json
[blend_selector] 증거 LOG  → /home/2022113165/workspace_LGAIMERS/.omo/evidence/aimers9-top100/task-7-blend-smoke.log
[blend_selector] 총 16s

[--smoke] PASS — 선택/게이트/스키마 경로 검증 (selection=primary, held_out=['r2022'] 축소)
