=== START gen 2026. 08. 09. (일) 23:34:22 KST ===
[gen_adopted] LGB F3 4폴드 10시드 로짓 예측 생성 (채택: asof_n_bucket + score_diff_binary)
train: (1475092, 60) | adopted_feats: 51 (base 47 + 4) | cats: ['top_bottom', 'game_type', 'base_state', 'platoon', 'count_state']
Training until validation scores don't improve for 50 rounds
Early stopping, best iteration is:
[95]	valid_0's binary_logloss: 0.689149
Training until validation scores don't improve for 50 rounds
Early stopping, best iteration is:
[120]	valid_0's binary_logloss: 0.689204
Training until validation scores don't improve for 50 rounds
Early stopping, best iteration is:
[117]	valid_0's binary_logloss: 0.689193
Training until validation scores don't improve for 50 rounds
Early stopping, best iteration is:
[148]	valid_0's binary_logloss: 0.689216
Training until validation scores don't improve for 50 rounds
Early stopping, best iteration is:
[81]	valid_0's binary_logloss: 0.689069
Training until validation scores don't improve for 50 rounds
Early stopping, best iteration is:
[93]	valid_0's binary_logloss: 0.689312
Training until validation scores don't improve for 50 rounds
Early stopping, best iteration is:
[91]	valid_0's binary_logloss: 0.689214
Training until validation scores don't improve for 50 rounds
Early stopping, best iteration is:
[109]	valid_0's binary_logloss: 0.689211
Training until validation scores don't improve for 50 rounds
Early stopping, best iteration is:
[120]	valid_0's binary_logloss: 0.689253
Training until validation scores don't improve for 50 rounds
Early stopping, best iteration is:
[84]	valid_0's binary_logloss: 0.689182
  [adopted/primary] BSS=733.1 pred_mean=0.4976 저장 cache/fe_adopted_primary_lgb_f3.npy (81s)
Training until validation scores don't improve for 50 rounds
Early stopping, best iteration is:
[83]	valid_0's binary_logloss: 0.690391
Training until validation scores don't improve for 50 rounds
Early stopping, best iteration is:
[86]	valid_0's binary_logloss: 0.690293
Training until validation scores don't improve for 50 rounds
Early stopping, best iteration is:
[59]	valid_0's binary_logloss: 0.690318
Training until validation scores don't improve for 50 rounds
Early stopping, best iteration is:
[67]	valid_0's binary_logloss: 0.690305
Training until validation scores don't improve for 50 rounds
Early stopping, best iteration is:
[65]	valid_0's binary_logloss: 0.69032
Training until validation scores don't improve for 50 rounds
Early stopping, best iteration is:
[92]	valid_0's binary_logloss: 0.690403
Training until validation scores don't improve for 50 rounds
Early stopping, best iteration is:
[82]	valid_0's binary_logloss: 0.690348
Training until validation scores don't improve for 50 rounds
Early stopping, best iteration is:
[75]	valid_0's binary_logloss: 0.690493
Training until validation scores don't improve for 50 rounds
Early stopping, best iteration is:
[63]	valid_0's binary_logloss: 0.69032
Training until validation scores don't improve for 50 rounds
Early stopping, best iteration is:
[83]	valid_0's binary_logloss: 0.690362
  [adopted/r2022] BSS=575.3 pred_mean=0.5076 저장 cache/fe_adopted_r2022_lgb_f3.npy (47s)
Training until validation scores don't improve for 50 rounds
Early stopping, best iteration is:
[54]	valid_0's binary_logloss: 0.690378
Training until validation scores don't improve for 50 rounds
Early stopping, best iteration is:
[60]	valid_0's binary_logloss: 0.690336
Training until validation scores don't improve for 50 rounds
Early stopping, best iteration is:
[52]	valid_0's binary_logloss: 0.690428
Training until validation scores don't improve for 50 rounds
Early stopping, best iteration is:
[50]	valid_0's binary_logloss: 0.690421
Training until validation scores don't improve for 50 rounds
Early stopping, best iteration is:
[69]	valid_0's binary_logloss: 0.690434
Training until validation scores don't improve for 50 rounds
Early stopping, best iteration is:
[61]	valid_0's binary_logloss: 0.690381
Training until validation scores don't improve for 50 rounds
Early stopping, best iteration is:
[52]	valid_0's binary_logloss: 0.690419
Training until validation scores don't improve for 50 rounds
Early stopping, best iteration is:
[46]	valid_0's binary_logloss: 0.690437
Training until validation scores don't improve for 50 rounds
Early stopping, best iteration is:
[65]	valid_0's binary_logloss: 0.690343
Training until validation scores don't improve for 50 rounds
Early stopping, best iteration is:
[63]	valid_0's binary_logloss: 0.690441
  [adopted/r2023] BSS=559.2 pred_mean=0.5030 저장 cache/fe_adopted_r2023_lgb_f3.npy (50s)
Training until validation scores don't improve for 50 rounds
Early stopping, best iteration is:
[91]	valid_0's binary_logloss: 0.689484
Training until validation scores don't improve for 50 rounds
Early stopping, best iteration is:
[111]	valid_0's binary_logloss: 0.689461
Training until validation scores don't improve for 50 rounds
Early stopping, best iteration is:
[70]	valid_0's binary_logloss: 0.689469
Training until validation scores don't improve for 50 rounds
Early stopping, best iteration is:
[86]	valid_0's binary_logloss: 0.689447
Training until validation scores don't improve for 50 rounds
Early stopping, best iteration is:
[96]	valid_0's binary_logloss: 0.689525
Training until validation scores don't improve for 50 rounds
Early stopping, best iteration is:
[71]	valid_0's binary_logloss: 0.689542
Training until validation scores don't improve for 50 rounds
Early stopping, best iteration is:
[78]	valid_0's binary_logloss: 0.689455
Training until validation scores don't improve for 50 rounds
Early stopping, best iteration is:
[95]	valid_0's binary_logloss: 0.689547
Training until validation scores don't improve for 50 rounds
Early stopping, best iteration is:
[84]	valid_0's binary_logloss: 0.689452
Training until validation scores don't improve for 50 rounds
Early stopping, best iteration is:
[91]	valid_0's binary_logloss: 0.689509
  [adopted/r2024] BSS=709.3 pred_mean=0.5010 저장 cache/fe_adopted_r2024_lgb_f3.npy (68s)
Training until validation scores don't improve for 50 rounds
Early stopping, best iteration is:
[95]	valid_0's binary_logloss: 0.689158
Training until validation scores don't improve for 50 rounds
Early stopping, best iteration is:
[86]	valid_0's binary_logloss: 0.689158
Training until validation scores don't improve for 50 rounds
Early stopping, best iteration is:
[97]	valid_0's binary_logloss: 0.689231
Training until validation scores don't improve for 50 rounds
Early stopping, best iteration is:
[97]	valid_0's binary_logloss: 0.689165
Training until validation scores don't improve for 50 rounds
Early stopping, best iteration is:
[107]	valid_0's binary_logloss: 0.689327
Training until validation scores don't improve for 50 rounds
Early stopping, best iteration is:
[84]	valid_0's binary_logloss: 0.68925
Training until validation scores don't improve for 50 rounds
Early stopping, best iteration is:
[80]	valid_0's binary_logloss: 0.689222
Training until validation scores don't improve for 50 rounds
Early stopping, best iteration is:
[109]	valid_0's binary_logloss: 0.689178
Training until validation scores don't improve for 50 rounds
Early stopping, best iteration is:
[84]	valid_0's binary_logloss: 0.689204
Training until validation scores don't improve for 50 rounds
Early stopping, best iteration is:
[98]	valid_0's binary_logloss: 0.689148
  [base/primary] BSS=729.7 pred_mean=0.4973 저장 cache/fe_base_primary_lgb_f3.npy (74s)
Training until validation scores don't improve for 50 rounds
Early stopping, best iteration is:
[92]	valid_0's binary_logloss: 0.690462
Training until validation scores don't improve for 50 rounds
Early stopping, best iteration is:
[74]	valid_0's binary_logloss: 0.690325
Training until validation scores don't improve for 50 rounds
Early stopping, best iteration is:
[59]	valid_0's binary_logloss: 0.690399
Training until validation scores don't improve for 50 rounds
Early stopping, best iteration is:
[79]	valid_0's binary_logloss: 0.690322
Training until validation scores don't improve for 50 rounds
Early stopping, best iteration is:
[64]	valid_0's binary_logloss: 0.690352
Training until validation scores don't improve for 50 rounds
Early stopping, best iteration is:
[72]	valid_0's binary_logloss: 0.69031
Training until validation scores don't improve for 50 rounds
Early stopping, best iteration is:
[80]	valid_0's binary_logloss: 0.690367
Training until validation scores don't improve for 50 rounds
Early stopping, best iteration is:
[83]	valid_0's binary_logloss: 0.690357
Training until validation scores don't improve for 50 rounds
Early stopping, best iteration is:
[122]	valid_0's binary_logloss: 0.690355
Training until validation scores don't improve for 50 rounds
Early stopping, best iteration is:
[98]	valid_0's binary_logloss: 0.690258
  [base/r2022] BSS=578.4 pred_mean=0.5073 저장 cache/fe_base_r2022_lgb_f3.npy (46s)
Training until validation scores don't improve for 50 rounds
Early stopping, best iteration is:
[53]	valid_0's binary_logloss: 0.690455
Training until validation scores don't improve for 50 rounds
Early stopping, best iteration is:
[47]	valid_0's binary_logloss: 0.690484
Training until validation scores don't improve for 50 rounds
Early stopping, best iteration is:
[50]	valid_0's binary_logloss: 0.690494
Training until validation scores don't improve for 50 rounds
Early stopping, best iteration is:
[50]	valid_0's binary_logloss: 0.690455
Training until validation scores don't improve for 50 rounds
Early stopping, best iteration is:
[43]	valid_0's binary_logloss: 0.690445
Training until validation scores don't improve for 50 rounds
Early stopping, best iteration is:
[62]	valid_0's binary_logloss: 0.69042
Training until validation scores don't improve for 50 rounds
Early stopping, best iteration is:
[66]	valid_0's binary_logloss: 0.690438
Training until validation scores don't improve for 50 rounds
Early stopping, best iteration is:
[62]	valid_0's binary_logloss: 0.69042
Training until validation scores don't improve for 50 rounds
Early stopping, best iteration is:
[71]	valid_0's binary_logloss: 0.690479
Training until validation scores don't improve for 50 rounds
Early stopping, best iteration is:
[42]	valid_0's binary_logloss: 0.690387
  [base/r2023] BSS=551.0 pred_mean=0.5033 저장 cache/fe_base_r2023_lgb_f3.npy (48s)
Training until validation scores don't improve for 50 rounds
Early stopping, best iteration is:
[74]	valid_0's binary_logloss: 0.689403
Training until validation scores don't improve for 50 rounds
Early stopping, best iteration is:
[101]	valid_0's binary_logloss: 0.6895
Training until validation scores don't improve for 50 rounds
Early stopping, best iteration is:
[84]	valid_0's binary_logloss: 0.689491
Training until validation scores don't improve for 50 rounds
Early stopping, best iteration is:
[115]	valid_0's binary_logloss: 0.689522
Training until validation scores don't improve for 50 rounds
Early stopping, best iteration is:
[74]	valid_0's binary_logloss: 0.689491
Training until validation scores don't improve for 50 rounds
Early stopping, best iteration is:
[78]	valid_0's binary_logloss: 0.68954
Training until validation scores don't improve for 50 rounds
Early stopping, best iteration is:
[82]	valid_0's binary_logloss: 0.68944
Training until validation scores don't improve for 50 rounds
Early stopping, best iteration is:
[78]	valid_0's binary_logloss: 0.689489
Training until validation scores don't improve for 50 rounds
Early stopping, best iteration is:
[66]	valid_0's binary_logloss: 0.689463
Training until validation scores don't improve for 50 rounds
Early stopping, best iteration is:
[95]	valid_0's binary_logloss: 0.689474
  [base/r2024] BSS=711.4 pred_mean=0.5009 저장 cache/fe_base_r2024_lgb_f3.npy (66s)

========================================================================================
채택 2피처 10시드 gain (adopted − base, deterministic=True):
  primary  adopted=733.1 base=729.7 gain=+3.4
  r2022    adopted=575.3 base=578.4 gain=-3.1
  r2023    adopted=559.2 base=551.0 gain=+8.2
  r2024    adopted=709.3 base=711.4 gain=-2.1

완료 (총 486s)
GEN_EXIT=0
=== START blend 2026. 08. 09. (일) 23:42:29 KST ===
device: cuda
[e6c_blend_adopted] 채택 피처 LGB10시드 + MLP5시드 블렌딩 4폴드 검증
cats(11): ['pitcher_id', 'batter_id', 'pitcher_team_id', 'batter_team_id', 'top_bottom', 'game_type', 'base_state', 'platoon', 'count_state', 'asof_n_bucket', 'score_diff_binary']

=== [primary] ===
/home/gpu_01/.conda/envs/aimers9/lib/python3.11/site-packages/torch/nn/modules/linear.py:125: UserWarning: Deterministic behavior was enabled with either `torch.use_deterministic_algorithms(True)` or `at::Context::setDeterministicAlgorithms(true)`, but this operation is not deterministic because it uses CuBLAS and you have CUDA >= 10.2. To enable deterministic behavior in this case, you must set an environment variable before running your PyTorch application: CUBLAS_WORKSPACE_CONFIG=:4096:8 or CUBLAS_WORKSPACE_CONFIG=:16:8. For more information, go to https://docs.nvidia.com/cuda/cublas/index.html#results-reproducibility (Triggered internally at ../aten/src/ATen/Context.cpp:208.)
  return F.linear(input, self.weight, self.bias)
/home/gpu_01/.conda/envs/aimers9/lib/python3.11/site-packages/torch/autograd/graph.py:825: UserWarning: Deterministic behavior was enabled with either `torch.use_deterministic_algorithms(True)` or `at::Context::setDeterministicAlgorithms(true)`, but this operation is not deterministic because it uses CuBLAS and you have CUDA >= 10.2. To enable deterministic behavior in this case, you must set an environment variable before running your PyTorch application: CUBLAS_WORKSPACE_CONFIG=:4096:8 or CUBLAS_WORKSPACE_CONFIG=:16:8. For more information, go to https://docs.nvidia.com/cuda/cublas/index.html#results-reproducibility (Triggered internally at ../aten/src/ATen/Context.cpp:208.)
  return Variable._execution_engine.run_backward(  # Calls into the C++ engine to run the backward pass
  seed=42 bss=570.0
  seed=43 bss=549.1
  seed=44 bss=538.2
  seed=45 bss=540.2
  seed=46 bss=634.1
  lgb_adopted=733.1 base=729.7 mlp=681.4 corr=0.894 gain(adopted-base)=+3.4

=== [r2022] ===
/home/gpu_01/.conda/envs/aimers9/lib/python3.11/site-packages/torch/nn/modules/linear.py:125: UserWarning: Deterministic behavior was enabled with either `torch.use_deterministic_algorithms(True)` or `at::Context::setDeterministicAlgorithms(true)`, but this operation is not deterministic because it uses CuBLAS and you have CUDA >= 10.2. To enable deterministic behavior in this case, you must set an environment variable before running your PyTorch application: CUBLAS_WORKSPACE_CONFIG=:4096:8 or CUBLAS_WORKSPACE_CONFIG=:16:8. For more information, go to https://docs.nvidia.com/cuda/cublas/index.html#results-reproducibility (Triggered internally at ../aten/src/ATen/Context.cpp:208.)
  return F.linear(input, self.weight, self.bias)
/home/gpu_01/.conda/envs/aimers9/lib/python3.11/site-packages/torch/autograd/graph.py:825: UserWarning: Deterministic behavior was enabled with either `torch.use_deterministic_algorithms(True)` or `at::Context::setDeterministicAlgorithms(true)`, but this operation is not deterministic because it uses CuBLAS and you have CUDA >= 10.2. To enable deterministic behavior in this case, you must set an environment variable before running your PyTorch application: CUBLAS_WORKSPACE_CONFIG=:4096:8 or CUBLAS_WORKSPACE_CONFIG=:16:8. For more information, go to https://docs.nvidia.com/cuda/cublas/index.html#results-reproducibility (Triggered internally at ../aten/src/ATen/Context.cpp:208.)
  return Variable._execution_engine.run_backward(  # Calls into the C++ engine to run the backward pass
  seed=42 bss=540.1
  seed=43 bss=520.9
  seed=44 bss=548.0
  seed=45 bss=515.0
  seed=46 bss=555.9
  lgb_adopted=575.3 base=578.4 mlp=602.9 corr=0.914 gain(adopted-base)=-3.1

=== [r2023] ===
/home/gpu_01/.conda/envs/aimers9/lib/python3.11/site-packages/torch/nn/modules/linear.py:125: UserWarning: Deterministic behavior was enabled with either `torch.use_deterministic_algorithms(True)` or `at::Context::setDeterministicAlgorithms(true)`, but this operation is not deterministic because it uses CuBLAS and you have CUDA >= 10.2. To enable deterministic behavior in this case, you must set an environment variable before running your PyTorch application: CUBLAS_WORKSPACE_CONFIG=:4096:8 or CUBLAS_WORKSPACE_CONFIG=:16:8. For more information, go to https://docs.nvidia.com/cuda/cublas/index.html#results-reproducibility (Triggered internally at ../aten/src/ATen/Context.cpp:208.)
  return F.linear(input, self.weight, self.bias)
/home/gpu_01/.conda/envs/aimers9/lib/python3.11/site-packages/torch/autograd/graph.py:825: UserWarning: Deterministic behavior was enabled with either `torch.use_deterministic_algorithms(True)` or `at::Context::setDeterministicAlgorithms(true)`, but this operation is not deterministic because it uses CuBLAS and you have CUDA >= 10.2. To enable deterministic behavior in this case, you must set an environment variable before running your PyTorch application: CUBLAS_WORKSPACE_CONFIG=:4096:8 or CUBLAS_WORKSPACE_CONFIG=:16:8. For more information, go to https://docs.nvidia.com/cuda/cublas/index.html#results-reproducibility (Triggered internally at ../aten/src/ATen/Context.cpp:208.)
  return Variable._execution_engine.run_backward(  # Calls into the C++ engine to run the backward pass
  seed=42 bss=429.6
  seed=43 bss=470.9
  seed=44 bss=524.6
  seed=45 bss=473.9
  seed=46 bss=486.5
  lgb_adopted=559.2 base=551.0 mlp=530.9 corr=0.935 gain(adopted-base)=+8.2

=== [r2024] ===
/home/gpu_01/.conda/envs/aimers9/lib/python3.11/site-packages/torch/nn/modules/linear.py:125: UserWarning: Deterministic behavior was enabled with either `torch.use_deterministic_algorithms(True)` or `at::Context::setDeterministicAlgorithms(true)`, but this operation is not deterministic because it uses CuBLAS and you have CUDA >= 10.2. To enable deterministic behavior in this case, you must set an environment variable before running your PyTorch application: CUBLAS_WORKSPACE_CONFIG=:4096:8 or CUBLAS_WORKSPACE_CONFIG=:16:8. For more information, go to https://docs.nvidia.com/cuda/cublas/index.html#results-reproducibility (Triggered internally at ../aten/src/ATen/Context.cpp:208.)
  return F.linear(input, self.weight, self.bias)
/home/gpu_01/.conda/envs/aimers9/lib/python3.11/site-packages/torch/autograd/graph.py:825: UserWarning: Deterministic behavior was enabled with either `torch.use_deterministic_algorithms(True)` or `at::Context::setDeterministicAlgorithms(true)`, but this operation is not deterministic because it uses CuBLAS and you have CUDA >= 10.2. To enable deterministic behavior in this case, you must set an environment variable before running your PyTorch application: CUBLAS_WORKSPACE_CONFIG=:4096:8 or CUBLAS_WORKSPACE_CONFIG=:16:8. For more information, go to https://docs.nvidia.com/cuda/cublas/index.html#results-reproducibility (Triggered internally at ../aten/src/ATen/Context.cpp:208.)
  return Variable._execution_engine.run_backward(  # Calls into the C++ engine to run the backward pass
  seed=42 bss=632.3
  seed=43 bss=652.8
  seed=44 bss=651.8
  seed=45 bss=602.7
  seed=46 bss=677.0
  lgb_adopted=709.3 base=711.4 mlp=709.3 corr=0.930 gain(adopted-base)=-2.1

primary 최적 w(lgb)=0.650 → blend=755.5 (lgb 단독 733.1, 증분 +22.4)
  r2022: lgb=575.3 blend_fixed(w=0.65)=607.0 gain=+31.6 | opt(w=0.50)=613.3 gain=+37.9
  r2023: lgb=559.2 blend_fixed(w=0.65)=564.5 gain=+5.3 | opt(w=0.71)=564.8 gain=+5.6
  r2024: lgb=709.3 blend_fixed(w=0.65)=734.5 gain=+25.2 | opt(w=0.50)=737.0 gain=+27.7

채택 2피처 10시드 gain: primary=+3.4 | R-only 개선 1/3 | corr<0.95 True
판정: 채택 (5시드 델타 재판정) — 10시드 게이트 미달(primary +3.4, R-only 1/3, corr<0.95 True) → 5시드 스크리닝 델타 기준 재판정: {'asof_n_bucket': (10.359812329574538, '2/3'), 'score_diff_binary': (12.962463164467636, '2/3')} 모두 채택 조건 충족

저장: experiments/e6c_blend_adopted.json (총 327s)
BLEND_EXIT=0
=== DONE 2026. 08. 09. (일) 23:48:00 KST ===
