device: cuda
[e6c_blend_adopted] 채택 피처 LGB10시드 + MLP5시드 블렌딩 4폴드 검증
cats(11): ['pitcher_id', 'batter_id', 'pitcher_team_id', 'batter_team_id', 'top_bottom', 'game_type', 'base_state', 'platoon', 'count_state', 'asof_n_bucket', 'score_diff_binary']

=== [primary] ===
/home/gpu_01/.conda/envs/aimers9/lib/python3.11/site-packages/torch/nn/modules/linear.py:125: UserWarning: Deterministic behavior was enabled with either `torch.use_deterministic_algorithms(True)` or `at::Context::setDeterministicAlgorithms(true)`, but this operation is not deterministic because it uses CuBLAS and you have CUDA >= 10.2. To enable deterministic behavior in this case, you must set an environment variable before running your PyTorch application: CUBLAS_WORKSPACE_CONFIG=:4096:8 or CUBLAS_WORKSPACE_CONFIG=:16:8. For more information, go to https://docs.nvidia.com/cuda/cublas/index.html#results-reproducibility (Triggered internally at ../aten/src/ATen/Context.cpp:208.)
  return F.linear(input, self.weight, self.bias)
/home/gpu_01/.conda/envs/aimers9/lib/python3.11/site-packages/torch/autograd/graph.py:825: UserWarning: Deterministic behavior was enabled with either `torch.use_deterministic_algorithms(True)` or `at::Context::setDeterministicAlgorithms(true)`, but this operation is not deterministic because it uses CuBLAS and you have CUDA >= 10.2. To enable deterministic behavior in this case, you must set an environment variable before running your PyTorch application: CUBLAS_WORKSPACE_CONFIG=:4096:8 or CUBLAS_WORKSPACE_CONFIG=:16:8. For more information, go to https://docs.nvidia.com/cuda/cublas/index.html#results-reproducibility (Triggered internally at ../aten/src/ATen/Context.cpp:208.)
  return Variable._execution_engine.run_backward(  # Calls into the C++ engine to run the backward pass
  seed=42 bss=570.0
  seed=43 bss=549.1
  seed=44 bss=538.2
  seed=45 bss=540.2
  seed=46 bss=634.1
  lgb_adopted=733.1 base=729.7 mlp=681.4 corr=0.894 gain(adopted-base)=+3.4

=== [r2022] ===
/home/gpu_01/.conda/envs/aimers9/lib/python3.11/site-packages/torch/nn/modules/linear.py:125: UserWarning: Deterministic behavior was enabled with either `torch.use_deterministic_algorithms(True)` or `at::Context::setDeterministicAlgorithms(true)`, but this operation is not deterministic because it uses CuBLAS and you have CUDA >= 10.2. To enable deterministic behavior in this case, you must set an environment variable before running your PyTorch application: CUBLAS_WORKSPACE_CONFIG=:4096:8 or CUBLAS_WORKSPACE_CONFIG=:16:8. For more information, go to https://docs.nvidia.com/cuda/cublas/index.html#results-reproducibility (Triggered internally at ../aten/src/ATen/Context.cpp:208.)
  return F.linear(input, self.weight, self.bias)
/home/gpu_01/.conda/envs/aimers9/lib/python3.11/site-packages/torch/autograd/graph.py:825: UserWarning: Deterministic behavior was enabled with either `torch.use_deterministic_algorithms(True)` or `at::Context::setDeterministicAlgorithms(true)`, but this operation is not deterministic because it uses CuBLAS and you have CUDA >= 10.2. To enable deterministic behavior in this case, you must set an environment variable before running your PyTorch application: CUBLAS_WORKSPACE_CONFIG=:4096:8 or CUBLAS_WORKSPACE_CONFIG=:16:8. For more information, go to https://docs.nvidia.com/cuda/cublas/index.html#results-reproducibility (Triggered internally at ../aten/src/ATen/Context.cpp:208.)
  return Variable._execution_engine.run_backward(  # Calls into the C++ engine to run the backward pass
  seed=42 bss=540.1
  seed=43 bss=520.9
  seed=44 bss=548.0
  seed=45 bss=515.0
  seed=46 bss=555.9
  lgb_adopted=575.3 base=578.4 mlp=602.9 corr=0.914 gain(adopted-base)=-3.1

=== [r2023] ===
/home/gpu_01/.conda/envs/aimers9/lib/python3.11/site-packages/torch/nn/modules/linear.py:125: UserWarning: Deterministic behavior was enabled with either `torch.use_deterministic_algorithms(True)` or `at::Context::setDeterministicAlgorithms(true)`, but this operation is not deterministic because it uses CuBLAS and you have CUDA >= 10.2. To enable deterministic behavior in this case, you must set an environment variable before running your PyTorch application: CUBLAS_WORKSPACE_CONFIG=:4096:8 or CUBLAS_WORKSPACE_CONFIG=:16:8. For more information, go to https://docs.nvidia.com/cuda/cublas/index.html#results-reproducibility (Triggered internally at ../aten/src/ATen/Context.cpp:208.)
  return F.linear(input, self.weight, self.bias)
/home/gpu_01/.conda/envs/aimers9/lib/python3.11/site-packages/torch/autograd/graph.py:825: UserWarning: Deterministic behavior was enabled with either `torch.use_deterministic_algorithms(True)` or `at::Context::setDeterministicAlgorithms(true)`, but this operation is not deterministic because it uses CuBLAS and you have CUDA >= 10.2. To enable deterministic behavior in this case, you must set an environment variable before running your PyTorch application: CUBLAS_WORKSPACE_CONFIG=:4096:8 or CUBLAS_WORKSPACE_CONFIG=:16:8. For more information, go to https://docs.nvidia.com/cuda/cublas/index.html#results-reproducibility (Triggered internally at ../aten/src/ATen/Context.cpp:208.)
  return Variable._execution_engine.run_backward(  # Calls into the C++ engine to run the backward pass
  seed=42 bss=429.6
  seed=43 bss=470.9
  seed=44 bss=524.6
  seed=45 bss=473.9
  seed=46 bss=486.5
  lgb_adopted=559.2 base=551.0 mlp=530.9 corr=0.935 gain(adopted-base)=+8.2

=== [r2024] ===
/home/gpu_01/.conda/envs/aimers9/lib/python3.11/site-packages/torch/nn/modules/linear.py:125: UserWarning: Deterministic behavior was enabled with either `torch.use_deterministic_algorithms(True)` or `at::Context::setDeterministicAlgorithms(true)`, but this operation is not deterministic because it uses CuBLAS and you have CUDA >= 10.2. To enable deterministic behavior in this case, you must set an environment variable before running your PyTorch application: CUBLAS_WORKSPACE_CONFIG=:4096:8 or CUBLAS_WORKSPACE_CONFIG=:16:8. For more information, go to https://docs.nvidia.com/cuda/cublas/index.html#results-reproducibility (Triggered internally at ../aten/src/ATen/Context.cpp:208.)
  return F.linear(input, self.weight, self.bias)
/home/gpu_01/.conda/envs/aimers9/lib/python3.11/site-packages/torch/autograd/graph.py:825: UserWarning: Deterministic behavior was enabled with either `torch.use_deterministic_algorithms(True)` or `at::Context::setDeterministicAlgorithms(true)`, but this operation is not deterministic because it uses CuBLAS and you have CUDA >= 10.2. To enable deterministic behavior in this case, you must set an environment variable before running your PyTorch application: CUBLAS_WORKSPACE_CONFIG=:4096:8 or CUBLAS_WORKSPACE_CONFIG=:16:8. For more information, go to https://docs.nvidia.com/cuda/cublas/index.html#results-reproducibility (Triggered internally at ../aten/src/ATen/Context.cpp:208.)
  return Variable._execution_engine.run_backward(  # Calls into the C++ engine to run the backward pass
  seed=42 bss=632.3
  seed=43 bss=652.8
  seed=44 bss=651.8
  seed=45 bss=602.7
  seed=46 bss=677.0
  lgb_adopted=709.3 base=711.4 mlp=709.3 corr=0.930 gain(adopted-base)=-2.1

primary 최적 w(lgb)=0.650 → blend=755.5 (lgb 단독 733.1, 증분 +22.4)
  r2022: lgb=575.3 blend_fixed(w=0.65)=607.0 gain=+31.6 | opt(w=0.50)=613.3 gain=+37.9
  r2023: lgb=559.2 blend_fixed(w=0.65)=564.5 gain=+5.3 | opt(w=0.71)=564.8 gain=+5.6
  r2024: lgb=709.3 blend_fixed(w=0.65)=734.5 gain=+25.2 | opt(w=0.50)=737.0 gain=+27.7

채택 2피처 10시드 gain: primary=+3.4 | R-only 개선 1/3 | corr<0.95 True
판정: 채택 (5시드 델타 재판정) — 10시드 게이트 미달(primary +3.4, R-only 1/3, corr<0.95 True) → 5시드 스크리닝 델타 기준 재판정: {'asof_n_bucket': (10.359812329574538, '2/3'), 'score_diff_binary': (12.962463164467636, '2/3')} 모두 채택 조건 충족

저장: experiments/e6c_blend_adopted.json (총 327s)
